################################################################################
#                                                                              #
#      IAR Universal Linker V4.58A/386                                         #
#                                                                              #
#           Link time     =  25/Jul/2012  16:57:06                             #
#           Target CPU    =  A90                                               #
#           List file     =  H:\2_CalyxII\0_FEMTO\0_Circuit\2_MCU\0V1_start\De #
#                            bug\List\SuperDAC_0V0_test.map                    #
#           Output file 1 =  H:\2_CalyxII\0_FEMTO\0_Circuit\2_MCU\0V1_start\De #
#                            bug\Exe\SuperDAC_0V0_test.hex                     #
#                            Format: debug                                     #
#                            UBROF version 9.1.0                               #
#                            Using library modules for C-SPY (-rt)             #
#           Command line  =  H:\2_CalyxII\0_FEMTO\0_Circuit\2_MCU\0V1_start\De #
#                            bug\Obj\App_0V1_start2.r90                        #
#                            -o                                                #
#                            H:\2_CalyxII\0_FEMTO\0_Circuit\2_MCU\0V1_start\De #
#                            bug\Exe\SuperDAC_0V0_test.hex                     #
#                            -rt -l                                            #
#                            H:\2_CalyxII\0_FEMTO\0_Circuit\2_MCU\0V1_start\De #
#                            bug\List\SuperDAC_0V0_test.map                    #
#                            -xms                                              #
#                            "-IE:\Program Files\IAR Systems\Embedded Workbenc #
#                            h 3.2\avr\LIB\"                                   #
#                            -f                                                #
#                            "E:\Program Files\IAR Systems\Embedded Workbench  #
#                            3.2\avr\src\template\cfgm128.xcl"                 #
#                            (-D_..X_INTVEC_SIZE=8C -D_..X_FLASH_NEND=FFFF     #
#                            -D_..X_FLASH_END=1FFFF -D_..X_SRAM_BASE=100       #
#                            -D_..X_SRAM_TEND=100 -D_..X_SRAM_END=10FF         #
#                            -D_..X_EEPROM_END=FFF) -D_..X_HEAP_SIZE=10        #
#                            -D_..X_CSTACK_SIZE=20 -D_..X_RSTACK_SIZE=20       #
#                            -e_small_write=_formatted_write                   #
#                            -e_medium_read=_formatted_read -f                 #
#                            "E:\Program Files\IAR Systems\Embedded Workbench  #
#                            3.2\avr\src\template\cfg3s.xcl"                   #
#                            (-ca90 -w29                                       #
#                            -Z(CODE)INTVEC=0-(_..X_INTVEC_SIZE-1)             #
#                            -Z(CODE)TINY_F=_..X_FLASH_BASE-FF                 #
#                            -Z(CODE)NEAR_F=_..X_FLASH_BASE-_..X_FLASH_NEND    #
#                            -Z(CODE)SWITCH=_..X_FLASH_BASE-_..X_FLASH_NEND    #
#                            -Z(CODE)DIFUNCT=_..X_FLASH_BASE-_..X_FLASH_NEND   #
#                            -Z(CODE)CODE=_..X_FLASH_BASE-_..X_FLASH_END       #
#                            -Z(CODE)FAR_F=[_..X_FLASH_BASE-_..X_FLASH_END]/10 #
#                            000                                               #
#                            -Z(CODE)INITTAB=_..X_FLASH_BASE-_..X_FLASH_END    #
#                            -Z(CODE)HUGE_F=_..X_FLASH_BASE-_..X_FLASH_END     #
#                            -Z(CODE)TINY_ID=_..X_FLASH_BASE-_..X_FLASH_END    #
#                            -Z(CODE)NEAR_ID=_..X_FLASH_BASE-_..X_FLASH_END    #
#                            -Z(CODE)CHECKSUM=_..X_FLASH_BASE-_..X_FLASH_END   #
#                            -Z(DATA)TINY_I,TINY_Z,TINY_N=_..X_SRAM_BASE-_..X_ #
#                            SRAM_TEND                                         #
#                            -Z(DATA)CSTACK+_..X_CSTACK_SIZE=_..X_SRAM_BASE-_. #
#                            .X_SRAM_END,_..X_EXT_CSTACK_BASE-_..X_EXT_CSTACK_ #
#                            END                                               #
#                            -Z(DATA)HEAP+_..X_HEAP_SIZE=_..X_SRAM_BASE-_..X_S #
#                            RAM_END,_..X_EXT_SRAM_BASE-_..X_EXT_SRAM_END      #
#                            -Z(DATA)RSTACK+_..X_RSTACK_SIZE=_..X_SRAM_BASE-_. #
#                            .X_SRAM_END,_..X_EXT_RSTACK_BASE-_..X_EXT_RSTACK_ #
#                            END                                               #
#                            -Z(DATA)NEAR_I,NEAR_Z=_..X_SRAM_BASE-_..X_SRAM_EN #
#                            D,_..X_EXT_SRAM_BASE-_..X_EXT_SRAM_END            #
#                            -Z(DATA)NEAR_C=_..X_EXT_ROM_BASE-_..X_EXT_ROM_END #
#                            -Z(DATA)NEAR_N=_..X_EXT_NV_BASE-_..X_EXT_NV_END   #
#                            -Z(XDATA)EEPROM_I,EEPROM_N=1-_..X_EEPROM_END)     #
#                            -D_..X_FLASH_BASE=_..X_INTVEC_SIZE -H1895         #
#                            -h(CODE)0-(_..X_INTVEC_SIZE-1)                    #
#                            -D_..X_EXT_SRAM_BASE=_..X_SRAM_BASE               #
#                            -D_..X_EXT_SRAM_END=_..X_SRAM_BASE                #
#                            -D_..X_EXT_ROM_BASE=_..X_SRAM_BASE                #
#                            -D_..X_EXT_ROM_END=_..X_SRAM_BASE                 #
#                            -D_..X_EXT_NV_BASE=_..X_SRAM_BASE                 #
#                            -D_..X_EXT_NV_END=_..X_SRAM_END                   #
#                            -D_..X_EXT_CSTACK_BASE=_..X_SRAM_BASE             #
#                            -D_..X_EXT_CSTACK_END=_..X_SRAM_BASE              #
#                            -D_..X_EXT_RSTACK_BASE=_..X_SRAM_BASE             #
#                            -D_..X_EXT_RSTACK_END=_..X_SRAM_BASE              #
#                            "E:\Program Files\IAR Systems\Embedded Workbench  #
#                            3.2\avr\lib\clib\cl3s-ec.r90"                     #
#                                                                              #
#                        Copyright 1987-2004 IAR Systems. All rights reserved. #
################################################################################





                ****************************************
                *                                      *
                *           CROSS REFERENCE            *
                *                                      *
                ****************************************

                  There are no program entries.




                ****************************************
                *                                      *
                *            RUNTIME MODEL             *
                *                                      *
                ****************************************

  R4              = REG
  R5              = REG
  R6              = REG
  __64bit_doubles = disabled
  __cpu           = 3
  __cpu_name      = ATmega128
  __enhanced_core = enabled
  __has_elpm      = true
  __memory_model  = 2
  __no_rampd      = enabled
  __rt_version    = 3



                ****************************************
                *                                      *
                *              MODULE MAP              *
                *                                      *
                ****************************************


  DEFINED ABSOLUTE ENTRIES
  PROGRAM MODULE, NAME : ?ABS_ENTRY_MOD

Absolute parts
           ENTRY                   ADDRESS         REF BY
           =====                   =======         ======
           _..X_EXT_RSTACK_END     00000100 
           _..X_EXT_RSTACK_BASE    00000100 
           _..X_EXT_CSTACK_END     00000100 
           _..X_EXT_CSTACK_BASE    00000100 
           _..X_EXT_NV_END         000010FF 
           _..X_EXT_NV_BASE        00000100 
           _..X_EXT_ROM_END        00000100 
           _..X_EXT_ROM_BASE       00000100 
           _..X_EXT_SRAM_END       00000100 
           _..X_EXT_SRAM_BASE      00000100 
           _..X_FLASH_BASE         0000008C 
           _..X_RSTACK_SIZE        00000020 
           _..X_CSTACK_SIZE        00000020 
           _..X_HEAP_SIZE          00000010 
           _..X_EEPROM_END         00000FFF 
           _..X_SRAM_END           000010FF 
           _..X_SRAM_TEND          00000100 
           _..X_SRAM_BASE          00000100 
           _..X_FLASH_END          0001FFFF 
           _..X_FLASH_NEND         0000FFFF 
           _..X_INTVEC_SIZE        0000008C 
    *************************************************************************

  FILE NAME : H:\2_CalyxII\0_FEMTO\0_Circuit\2_MCU\0V1_start\Debug\Obj\App_0V1_start2.r90
  PROGRAM MODULE, NAME : App_0V1_start2

  SEGMENTS IN THE MODULE
  ======================
NEAR_Z
  Relative segment, address: DATA 00000466 - 00000485 (0x20 bytes), align: 0
  Segment part 48.            Intra module refs:   _system_init_se
           ENTRY                   ADDRESS         REF BY
           =====                   =======         ======
           test_eeprom             00000466 
    -------------------------------------------------------------------------
NEAR_Z
  Relative segment, address: DATA 00000486 - 00000487 (0x2 bytes), align: 0
  Segment part 52.            Intra module refs:   _system_init_se
                                                   rom_cnt_check
                                                   rom_write_multi
           ENTRY                   ADDRESS         REF BY
           =====                   =======         ======
           rom_add_pt              00000486 
    -------------------------------------------------------------------------
NEAR_Z
  Relative segment, address: DATA 00000488 - 0000048B (0x4 bytes), align: 0
  Segment part 53.            Intra module refs:   _system_init_se
                                                   rom_cnt_check
                                                   rom_write_multi
           ENTRY                   ADDRESS         REF BY
           =====                   =======         ======
           rom_cnt                 00000488 
    -------------------------------------------------------------------------
NEAR_Z
  Relative segment, address: DATA 0000048C - 0000048C (0x1 bytes), align: 0
  Segment part 54.            Intra module refs:   rom_write_multi
           ENTRY                   ADDRESS         REF BY
           =====                   =======         ======
           rom_cnt_high            0000048C 
    -------------------------------------------------------------------------
NEAR_Z
  Relative segment, address: DATA 0000048D - 0000048D (0x1 bytes), align: 0
  Segment part 55.            Intra module refs:   rom_write_multi
           ENTRY                   ADDRESS         REF BY
           =====                   =======         ======
           rom_cnt_mid             0000048D 
    -------------------------------------------------------------------------
NEAR_Z
  Relative segment, address: DATA 0000048E - 0000048E (0x1 bytes), align: 0
  Segment part 56.            Intra module refs:   rom_write_multi
           ENTRY                   ADDRESS         REF BY
           =====                   =======         ======
           rom_cnt_low             0000048E 
    -------------------------------------------------------------------------
NEAR_Z
  Relative segment, address: DATA 0000048F - 0000048F (0x1 bytes), align: 0
  Segment part 57.            Intra module refs:   rom_write_multi
           ENTRY                   ADDRESS         REF BY
           =====                   =======         ======
           rom_func_data           0000048F 
    -------------------------------------------------------------------------
NEAR_Z
  Relative segment, address: DATA 00000490 - 00000490 (0x1 bytes), align: 0
  Segment part 58.            Intra module refs:   rom_cnt_check
           ENTRY                   ADDRESS         REF BY
           =====                   =======         ======
           rom_add_pt_high         00000490 
    -------------------------------------------------------------------------
NEAR_Z
  Relative segment, address: DATA 00000491 - 00000491 (0x1 bytes), align: 0
  Segment part 59.            Intra module refs:   rom_cnt_check
           ENTRY                   ADDRESS         REF BY
           =====                   =======         ======
           rom_add_pt_low          00000491 
    -------------------------------------------------------------------------
NEAR_Z
  Relative segment, address: DATA 00000492 - 00000492 (0x1 bytes), align: 0
  Segment part 60.            Intra module refs:   rom_write_multi
           ENTRY                   ADDRESS         REF BY
           =====                   =======         ======
           rom_device_high         00000492 
    -------------------------------------------------------------------------
NEAR_Z
  Relative segment, address: DATA 00000493 - 00000493 (0x1 bytes), align: 0
  Segment part 61.            Intra module refs:   rom_write_multi
           ENTRY                   ADDRESS         REF BY
           =====                   =======         ======
           rom_device_low          00000493 
    -------------------------------------------------------------------------
NEAR_Z
  Relative segment, address: DATA 00000494 - 00000494 (0x1 bytes), align: 0
  Segment part 62.            Intra module refs:   _system_init_se
                                                   rom_cnt_check
           ENTRY                   ADDRESS         REF BY
           =====                   =======         ======
           rom_add_check_sum       00000494 
    -------------------------------------------------------------------------
NEAR_I
  Relative segment, address: DATA 00000140 - 00000140 (0x1 bytes), align: 0
  Segment part 63.            Intra module refs:   _system_init_se
                                                   femto_function
                                                   phase_ess
                                                   rom_write_multi
           ENTRY                   ADDRESS         REF BY
           =====                   =======         ======
           phase_data              00000140 
    -------------------------------------------------------------------------
NEAR_Z
  Relative segment, address: DATA 00000495 - 00000495 (0x1 bytes), align: 0
  Segment part 68.            Intra module refs:   TIMER1_OVF_Handler
                                                   _remocon_processing
                                                   remocon_data
           ENTRY                   ADDRESS         REF BY
           =====                   =======         ======
           init_setting_check      00000495 
    -------------------------------------------------------------------------
NEAR_Z
  Relative segment, address: DATA 00000496 - 00000496 (0x1 bytes), align: 0
  Segment part 69.            Intra module refs:   INT7_Handler
                                                   TIMER0_OVF_Handler
                                                   sample_rate_cal
           ENTRY                   ADDRESS         REF BY
           =====                   =======         ======
           ess_automute            00000496 
    -------------------------------------------------------------------------
NEAR_Z
  Relative segment, address: DATA 00000497 - 00000497 (0x1 bytes), align: 0
  Segment part 70.            Intra module refs:   INT6_Handler
                                                   TIMER0_OVF_Handler
                                                   sample_rate_cal
           ENTRY                   ADDRESS         REF BY
           =====                   =======         ======
           ess_lock_ck             00000497 
    -------------------------------------------------------------------------
NEAR_Z
  Relative segment, address: DATA 00000498 - 00000498 (0x1 bytes), align: 0
  Segment part 71.            Intra module refs:   TIMER0_OVF_Handler
           ENTRY                   ADDRESS         REF BY
           =====                   =======         ======
           old_ess_automute        00000498 
    -------------------------------------------------------------------------
NEAR_Z
  Relative segment, address: DATA 00000499 - 00000499 (0x1 bytes), align: 0
  Segment part 72.            Intra module refs:   TIMER0_OVF_Handler
           ENTRY                   ADDRESS         REF BY
           =====                   =======         ======
           old_ess_lock_ck         00000499 
    -------------------------------------------------------------------------
NEAR_Z
  Relative segment, address: DATA 0000049A - 0000049A (0x1 bytes), align: 0
  Segment part 73.            Intra module refs:   sample_rate_cal
           ENTRY                   ADDRESS         REF BY
           =====                   =======         ======
           exMute                  0000049A 
    -------------------------------------------------------------------------
NEAR_Z
  Relative segment, address: DATA 0000049B - 0000049B (0x1 bytes), align: 0
  Segment part 74.            Intra module refs:   sample_rate_cal
           ENTRY                   ADDRESS         REF BY
           =====                   =======         ======
           old_exMute              0000049B 
    -------------------------------------------------------------------------
NEAR_Z
  Relative segment, address: DATA 0000049C - 0000049D (0x2 bytes), align: 0
  Segment part 75.            Intra module refs:   TIMER1_OVF_Handler
           ENTRY                   ADDRESS         REF BY
           =====                   =======         ======
           key_tmr                 0000049C 
    -------------------------------------------------------------------------
NEAR_Z
  Relative segment, address: DATA 0000049E - 0000049E (0x1 bytes), align: 0
  Segment part 76.            Intra module refs:   INT3_Handler
                                                   INT6_Handler
                                                   INT7_Handler
                                                   TIMER0_OVF_Handler
                                                   TIMER1_OVF_Handler
           ENTRY                   ADDRESS         REF BY
           =====                   =======         ======
           tmr_osc_ck              0000049E 
    -------------------------------------------------------------------------
NEAR_Z
  Relative segment, address: DATA 0000049F - 0000049F (0x1 bytes), align: 0
  Segment part 77.            Intra module refs:   INT3_Handler
                                                   TIMER1_OVF_Handler
           ENTRY                   ADDRESS         REF BY
           =====                   =======         ======
           key_int_flag            0000049F 
    -------------------------------------------------------------------------
NEAR_Z
  Relative segment, address: DATA 000004A0 - 000004A1 (0x2 bytes), align: 0
  Segment part 78.            Intra module refs:   TIMER1_OVF_Handler
                                                   TIMER2_OVF_Handler
                                                   ess_filter
           ENTRY                   ADDRESS         REF BY
           =====                   =======         ======
           rom_tmr                 000004A0 
    -------------------------------------------------------------------------
NEAR_I
  Relative segment, address: DATA 00000141 - 00000141 (0x1 bytes), align: 0
  Segment part 79.            Intra module refs:   TIMER2_OVF_Handler
                                                   _remocon_processing
                                                   remocon_data
           ENTRY                   ADDRESS         REF BY
           =====                   =======         ======
           rom_save_flag           00000141 
    -------------------------------------------------------------------------
NEAR_I
  Relative segment, address: DATA 00000142 - 00000142 (0x1 bytes), align: 0
  Segment part 81.            Intra module refs:   ess_filter
           ENTRY                   ADDRESS         REF BY
           =====                   =======         ======
           rom_save_flag2          00000142 
    -------------------------------------------------------------------------
NEAR_Z
  Relative segment, address: DATA 000004A2 - 000004A2 (0x1 bytes), align: 0
  Segment part 83.            Intra module refs:   TIMER0_OVF_Handler
           ENTRY                   ADDRESS         REF BY
           =====                   =======         ======
           Time_500us              000004A2 
    -------------------------------------------------------------------------
NEAR_Z
  Relative segment, address: DATA 000004A3 - 000004A4 (0x2 bytes), align: 0
  Segment part 84.            Intra module refs:   TIMER1_OVF_Handler
           ENTRY                   ADDRESS         REF BY
           =====                   =======         ======
           Time_50ms               000004A3 
    -------------------------------------------------------------------------
NEAR_I
  Relative segment, address: DATA 00000143 - 00000143 (0x1 bytes), align: 0
  Segment part 85.            Intra module refs:   _system_init_se
                                                   dot_matrix_clear
           ENTRY                   ADDRESS         REF BY
           =====                   =======         ======
           dot_light_reg           00000143 
    -------------------------------------------------------------------------
NEAR_Z
  Relative segment, address: DATA 000004A5 - 000004A5 (0x1 bytes), align: 0
  Segment part 87.            Intra module refs:   TIMER0_OVF_Handler
                                                   _system_init_se
                                                   channel_change
                                                   channel_down
                                                   channel_up
                                                   rom_write_multi
                                                   sample_rate_cal
           ENTRY                   ADDRESS         REF BY
           =====                   =======         ======
           ch_led_data             000004A5 
    -------------------------------------------------------------------------
NEAR_I
  Relative segment, address: DATA 00000144 - 00000144 (0x1 bytes), align: 0
  Segment part 90.            Intra module refs:   TIMER0_OVF_Handler
                                                   sample_rate_cal
           ENTRY                   ADDRESS         REF BY
           =====                   =======         ======
           sr_led_data             00000144 
    -------------------------------------------------------------------------
NEAR_Z
  Relative segment, address: DATA 000004A6 - 000004A6 (0x1 bytes), align: 0
  Segment part 94.            Intra module refs:   _system_init
                                                   init_vol_dn
           ENTRY                   ADDRESS         REF BY
           =====                   =======         ======
           ess_lch_master_trim     000004A6 
    -------------------------------------------------------------------------
NEAR_Z
  Relative segment, address: DATA 000004A7 - 000004A7 (0x1 bytes), align: 0
  Segment part 95.            Intra module refs:   _system_init
                                                   init_vol_dn
           ENTRY                   ADDRESS         REF BY
           =====                   =======         ======
           ess_rch_master_trim     000004A7 
    -------------------------------------------------------------------------
NEAR_I
  Relative segment, address: DATA 00000145 - 00000145 (0x1 bytes), align: 0
  Segment part 96.            Intra module refs:   TIMER1_OVF_Handler
                                                   _system_init_se
                                                   audio_level_down
                                                   audio_level_sp_down
                                                   audio_level_sp_up
                                                   audio_level_up
                                                   ess_mute
                                                   rom_write_multi
                                                   sample_rate_cal
                                                   volume_set
           ENTRY                   ADDRESS         REF BY
           =====                   =======         ======
           vol_dB                  00000145 
    -------------------------------------------------------------------------
NEAR_I
  Relative segment, address: DATA 00000146 - 00000146 (0x1 bytes), align: 0
  Segment part 98.            Intra module refs:   channel_change
           ENTRY                   ADDRESS         REF BY
           =====                   =======         ======
           i2s_flag                00000146 
    -------------------------------------------------------------------------
NEAR_Z
  Relative segment, address: DATA 000004A8 - 000004A8 (0x1 bytes), align: 0
  Segment part 103.           Intra module refs:   _system_init_se
                                                   ess_filter
                                                   femto_function
                                                   rom_write_multi
           ENTRY                   ADDRESS         REF BY
           =====                   =======         ======
           filter_flag             000004A8 
    -------------------------------------------------------------------------
NEAR_I
  Relative segment, address: DATA 00000147 - 00000147 (0x1 bytes), align: 0
  Segment part 104.           Intra module refs:   audio_level_down
                                                   audio_level_up
                                                   channel_change
                                                   dot_vol_hextodeci
                                                   ess_mute
                                                   femto_function
           ENTRY                   ADDRESS         REF BY
           =====                   =======         ======
           mute_enable             00000147 
    -------------------------------------------------------------------------
NEAR_Z
  Relative segment, address: DATA 000004A9 - 000004A9 (0x1 bytes), align: 0
  Segment part 106.           Intra module refs:   INT3_Handler
                                                   TIMER0_OVF_Handler
                                                   audio_level_down
                                                   audio_level_sp_down
                                                   audio_level_sp_up
                                                   audio_level_up
                                                   channel_down
                                                   channel_up
                                                   ess_mute
                                                   femto_function
                                                   remocon_data
           ENTRY                   ADDRESS         REF BY
           =====                   =======         ======
           key_func                000004A9 
    -------------------------------------------------------------------------
NEAR_Z
  Relative segment, address: DATA 000004AA - 000004AB (0x2 bytes), align: 0
  Segment part 107.           Intra module refs:   TIMER0_OVF_Handler
                                                   femto_function
           ENTRY                   ADDRESS         REF BY
           =====                   =======         ======
           key_func_tmr            000004AA 
    -------------------------------------------------------------------------
NEAR_Z
  Relative segment, address: DATA 000004AC - 000004AC (0x1 bytes), align: 0
  Segment part 108.           Intra module refs:   INT3_Handler
                                                   TIMER0_OVF_Handler
                                                   femto_function
                                                   remocon_data
           ENTRY                   ADDRESS         REF BY
           =====                   =======         ======
           key_condition           000004AC 
    -------------------------------------------------------------------------
NEAR_I
  Relative segment, address: DATA 00000148 - 00000148 (0x1 bytes), align: 0
  Segment part 109.           Intra module refs:   TIMER1_OVF_Handler
                                                   ess_mute
           ENTRY                   ADDRESS         REF BY
           =====                   =======         ======
           es9018_reg10            00000148 
    -------------------------------------------------------------------------
NEAR_Z
  Relative segment, address: DATA 000004AD - 000004AE (0x2 bytes), align: 0
  Segment part 114.           Intra module refs:   sample_rate_cal
           ENTRY                   ADDRESS         REF BY
           =====                   =======         ======
           sample_rate             000004AD 
    -------------------------------------------------------------------------
NEAR_Z
  Relative segment, address: DATA 000004AF - 000004B0 (0x2 bytes), align: 0
  Segment part 115.           Intra module refs:   sample_rate_cal
           ENTRY                   ADDRESS         REF BY
           =====                   =======         ======
           sample_rate2            000004AF 
    -------------------------------------------------------------------------
NEAR_I
  Relative segment, address: DATA 00000149 - 0000014A (0x2 bytes), align: 0
  Segment part 116.           Intra module refs:   sample_rate_cal
           ENTRY                   ADDRESS         REF BY
           =====                   =======         ======
           min44                   00000149 
    -------------------------------------------------------------------------
NEAR_I
  Relative segment, address: DATA 0000014B - 0000014C (0x2 bytes), align: 0
  Segment part 118.           Intra module refs:   sample_rate_cal
           ENTRY                   ADDRESS         REF BY
           =====                   =======         ======
           max44                   0000014B 
    -------------------------------------------------------------------------
NEAR_I
  Relative segment, address: DATA 0000014D - 0000014E (0x2 bytes), align: 0
  Segment part 120.           Intra module refs:   sample_rate_cal
           ENTRY                   ADDRESS         REF BY
           =====                   =======         ======
           min48                   0000014D 
    -------------------------------------------------------------------------
NEAR_I
  Relative segment, address: DATA 0000014F - 00000150 (0x2 bytes), align: 0
  Segment part 122.           Intra module refs:   sample_rate_cal
           ENTRY                   ADDRESS         REF BY
           =====                   =======         ======
           max48                   0000014F 
    -------------------------------------------------------------------------
NEAR_I
  Relative segment, address: DATA 00000151 - 00000152 (0x2 bytes), align: 0
  Segment part 124.           Intra module refs:   sample_rate_cal
           ENTRY                   ADDRESS         REF BY
           =====                   =======         ======
           min88                   00000151 
    -------------------------------------------------------------------------
NEAR_I
  Relative segment, address: DATA 00000153 - 00000154 (0x2 bytes), align: 0
  Segment part 126.           Intra module refs:   sample_rate_cal
           ENTRY                   ADDRESS         REF BY
           =====                   =======         ======
           max88                   00000153 
    -------------------------------------------------------------------------
NEAR_I
  Relative segment, address: DATA 00000155 - 00000156 (0x2 bytes), align: 0
  Segment part 128.           Intra module refs:   sample_rate_cal
           ENTRY                   ADDRESS         REF BY
           =====                   =======         ======
           min96                   00000155 
    -------------------------------------------------------------------------
NEAR_I
  Relative segment, address: DATA 00000157 - 00000158 (0x2 bytes), align: 0
  Segment part 130.           Intra module refs:   sample_rate_cal
           ENTRY                   ADDRESS         REF BY
           =====                   =======         ======
           max96                   00000157 
    -------------------------------------------------------------------------
NEAR_I
  Relative segment, address: DATA 00000159 - 0000015A (0x2 bytes), align: 0
  Segment part 132.           Intra module refs:   sample_rate_cal
           ENTRY                   ADDRESS         REF BY
           =====                   =======         ======
           min176                  00000159 
    -------------------------------------------------------------------------
NEAR_I
  Relative segment, address: DATA 0000015B - 0000015C (0x2 bytes), align: 0
  Segment part 134.           Intra module refs:   sample_rate_cal
           ENTRY                   ADDRESS         REF BY
           =====                   =======         ======
           max176                  0000015B 
    -------------------------------------------------------------------------
NEAR_I
  Relative segment, address: DATA 0000015D - 0000015E (0x2 bytes), align: 0
  Segment part 136.           Intra module refs:   sample_rate_cal
           ENTRY                   ADDRESS         REF BY
           =====                   =======         ======
           min192                  0000015D 
    -------------------------------------------------------------------------
NEAR_I
  Relative segment, address: DATA 0000015F - 00000160 (0x2 bytes), align: 0
  Segment part 138.           Intra module refs:   sample_rate_cal
           ENTRY                   ADDRESS         REF BY
           =====                   =======         ======
           max192                  0000015F 
    -------------------------------------------------------------------------
NEAR_Z
  Relative segment, address: DATA 000004B1 - 000004B1 (0x1 bytes), align: 0
  Segment part 140.           Intra module refs:   TIMER1_OVF_Handler
                                                   _system_init
           ENTRY                   ADDRESS         REF BY
           =====                   =======         ======
           tmr_osc                 000004B1 
    -------------------------------------------------------------------------
NEAR_I
  Relative segment, address: DATA 00000161 - 00000161 (0x1 bytes), align: 0
  Segment part 141.           Intra module refs:   channel_change
           ENTRY                   ADDRESS         REF BY
           =====                   =======         ======
           interface_ch            00000161 
    -------------------------------------------------------------------------
NEAR_I
  Relative segment, address: DATA 00000162 - 00000191 (0x30 bytes), align: 0
  Segment part 148.           Intra module refs:   TIMER0_OVF_Handler
           ENTRY                   ADDRESS         REF BY
           =====                   =======         ======
           ch_name                 00000162 
    -------------------------------------------------------------------------
NEAR_I
  Relative segment, address: DATA 00000192 - 000001BB (0x2a bytes), align: 0
  Segment part 150.           Intra module refs:   TIMER0_OVF_Handler
           ENTRY                   ADDRESS         REF BY
           =====                   =======         ======
           sr_name                 00000192 
    -------------------------------------------------------------------------
NEAR_I
  Relative segment, address: DATA 000001BC - 000001D3 (0x18 bytes), align: 0
  Segment part 152.           Intra module refs:   femto_function
           ENTRY                   ADDRESS         REF BY
           =====                   =======         ======
           filter_name             000001BC 
    -------------------------------------------------------------------------
NEAR_I
  Relative segment, address: DATA 000001D4 - 000001DB (0x8 bytes), align: 0
  Segment part 154.           Intra module refs:   femto_function
           ENTRY                   ADDRESS         REF BY
           =====                   =======         ======
           phase_name              000001D4 
    -------------------------------------------------------------------------
NEAR_I
  Relative segment, address: DATA 000001DC - 000001E3 (0x8 bytes), align: 0
  Segment part 156.           Intra module refs:   femto_function
           ENTRY                   ADDRESS         REF BY
           =====                   =======         ======
           normal_name             000001DC 
    -------------------------------------------------------------------------
NEAR_Z
  Relative segment, address: DATA 000004B2 - 000004C1 (0x10 bytes), align: 0
  Segment part 162.           Intra module refs:   TIMER0_OVF_Handler
                                                   _system_init
                                                   dot_string_digit
                                                   dot_vol_hextodeci
                                                   femto_function
           ENTRY                   ADDRESS         REF BY
           =====                   =======         ======
           dot_string              000004B2 
    -------------------------------------------------------------------------
NEAR_Z
  Relative segment, address: DATA 000004C2 - 000004C5 (0x4 bytes), align: 0
  Segment part 163.           Intra module refs:   TIMER0_OVF_Handler
                                                   dot_vol_hextodeci
           ENTRY                   ADDRESS         REF BY
           =====                   =======         ======
           ess_volume              000004C2 
    -------------------------------------------------------------------------
NEAR_I
  Relative segment, address: DATA 000001E4 - 000002E3 (0x100 bytes), align: 0
  Segment part 164.           Intra module refs:   ess_filter
           ENTRY                   ADDRESS         REF BY
           =====                   =======         ======
           f1_coeff_st1            000001E4 
    -------------------------------------------------------------------------
NEAR_I
  Relative segment, address: DATA 000002E4 - 00000323 (0x40 bytes), align: 0
  Segment part 166.           Intra module refs:   ess_filter
           ENTRY                   ADDRESS         REF BY
           =====                   =======         ======
           f1_coeff_st2            000002E4 
    -------------------------------------------------------------------------
NEAR_I
  Relative segment, address: DATA 00000324 - 00000423 (0x100 bytes), align: 0
  Segment part 168.           Intra module refs:   ess_filter
           ENTRY                   ADDRESS         REF BY
           =====                   =======         ======
           f2_coeff_st1            00000324 
    -------------------------------------------------------------------------
NEAR_I
  Relative segment, address: DATA 00000424 - 00000463 (0x40 bytes), align: 0
  Segment part 170.           Intra module refs:   ess_filter
           ENTRY                   ADDRESS         REF BY
           =====                   =======         ======
           f2_coeff_st2            00000424 
    -------------------------------------------------------------------------
CODE
  Relative segment, address: CODE 0000008C - 00000099 (0xe bytes), align: 1
  Segment part 231.           Intra module refs:   DelayTime_ms
                                                   I2C_SHIN
                                                   I2C_SHOUT
                                                   I2C_START
                                                   I2C_STOP
                                                   dot_matrix_bright
                                                   dot_string_digit
           ENTRY                   ADDRESS         REF BY
           =====                   =======         ======
           DelayTime               0000008C 
               non_banked function
               stack 1 = 00000000 ( 00000002 )
    -------------------------------------------------------------------------
CODE
  Relative segment, address: CODE 0000009A - 000000BF (0x26 bytes), align: 1
  Segment part 232.           Intra module refs:   TIMER1_OVF_Handler
                                                   _system_init_se
                                                   ess_filter
                                                   femto_function
                                                   rom_check_sum_error
                                                   rom_cnt_check
           ENTRY                   ADDRESS         REF BY
           =====                   =======         ======
           DelayTime_ms            0000009A 
               non_banked function
               calls direct
               stack 1 = 00000000 ( 00000002 )
               stack 2 = 00000000 ( 00000004 )
    -------------------------------------------------------------------------
NEAR_Z
  Relative segment, address: DATA 000004C6 - 000004C6 (0x1 bytes), align: 0
  Segment part 179.           Intra module refs:   I2C_Read
                                                   I2C_SHIN
           ENTRY                   ADDRESS         REF BY
           =====                   =======         ======
           inByte                  000004C6 
    -------------------------------------------------------------------------
NEAR_Z
  Relative segment, address: DATA 000004C7 - 000004C7 (0x1 bytes), align: 0
  Segment part 180.           Intra module refs:   I2C_SHIN
           ENTRY                   ADDRESS         REF BY
           =====                   =======         ======
           grAck                   000004C7 
    -------------------------------------------------------------------------
CODE
  Relative segment, address: CODE 000000C0 - 000000DB (0x1c bytes), align: 1
  Segment part 239.           Intra module refs:   I2C_Read
                                                   I2C_Write
                                                   _system_init_se
                                                   rom_check_sum_error
                                                   rom_cnt_check
                                                   rom_write_multi
           ENTRY                   ADDRESS         REF BY
           =====                   =======         ======
           I2C_START               000000C0 
               non_banked function
               calls direct
               stack 1 = 00000000 ( 00000002 )
    -------------------------------------------------------------------------
CODE
  Relative segment, address: CODE 000000DC - 000000F5 (0x1a bytes), align: 1
  Segment part 240.           Intra module refs:   I2C_Read
                                                   I2C_Write
                                                   _system_init_se
                                                   rom_check_sum_error
                                                   rom_cnt_check
                                                   rom_write_multi
           ENTRY                   ADDRESS         REF BY
           =====                   =======         ======
           I2C_STOP                000000DC 
               non_banked function
               calls direct
               stack 1 = 00000000 ( 00000002 )
    -------------------------------------------------------------------------
CODE
  Relative segment, address: CODE 000000F6 - 0000016F (0x7a bytes), align: 1
  Segment part 241.           Intra module refs:   I2C_Read
                                                   I2C_Write
                                                   _system_init_se
                                                   rom_check_sum_error
                                                   rom_cnt_check
                                                   rom_write_multi
           ENTRY                   ADDRESS         REF BY
           =====                   =======         ======
           I2C_SHOUT               000000F6 
               non_banked function
               calls direct
               stack 1 = 00000000 ( 00000002 )
               stack 2 = 00000000 ( 00000002 )
    -------------------------------------------------------------------------
CODE
  Relative segment, address: CODE 00000170 - 00000215 (0xa6 bytes), align: 1
  Segment part 242.           Intra module refs:   I2C_Read
           ENTRY                   ADDRESS         REF BY
           =====                   =======         ======
           I2C_SHIN                00000170 
               non_banked function
               calls direct
               stack 1 = 00000000 ( 00000002 )
               stack 2 = 00000000 ( 00000002 )
    -------------------------------------------------------------------------
CODE
  Relative segment, address: CODE 00000216 - 00000235 (0x20 bytes), align: 1
  Segment part 243.           Intra module refs:   TIMER1_OVF_Handler
                                                   _system_init
                                                   _system_init_se
                                                   channel_change
                                                   ess_filter
                                                   ess_mute
                                                   femto_function
                                                   init_vol
                                                   init_vol_dn
                                                   phase_ess
                                                   sample_rate_cal
                                                   volume_set
           ENTRY                   ADDRESS         REF BY
           =====                   =======         ======
           I2C_Write               00000216 
               non_banked function
               calls direct
               stack 1 = 00000000 ( 00000002 )
               stack 2 = 00000000 ( 00000003 )
    -------------------------------------------------------------------------
CODE
  Relative segment, address: CODE 00000236 - 0000032B (0xf6 bytes), align: 1
  Segment part 244.           Intra module refs:   rom_write_multi
           ENTRY                   ADDRESS         REF BY
           =====                   =======         ======
           rom_cnt_check           00000236 
               non_banked function
               calls direct
               stack 1 = 00000000 ( 00000002 )
    -------------------------------------------------------------------------
CODE
  Relative segment, address: CODE 0000032C - 000003ED (0xc2 bytes), align: 1
  Segment part 245.           Intra module refs:   channel_change
                                                   ess_filter
                                                   phase_ess
                                                   volume_set
           ENTRY                   ADDRESS         REF BY
           =====                   =======         ======
           rom_write_multi         0000032C 
               non_banked function
               calls direct
               stack 1 = 00000000 ( 00000002 )
    -------------------------------------------------------------------------
CODE
  Relative segment, address: CODE 000003EE - 0000041B (0x2e bytes), align: 1
  Segment part 246.           Intra module refs:   rom_I2C_Read
                                                   sample_rate_cal
           ENTRY                   ADDRESS         REF BY
           =====                   =======         ======
           I2C_Read                000003EE 
               non_banked function
               calls direct
               stack 1 = 00000000 ( 00000002 )
               stack 2 = 00000000 ( 00000002 )
    -------------------------------------------------------------------------
CODE
  Relative segment, address: CODE 0000041C - 0000042F (0x14 bytes), align: 1
  Segment part 247.           Intra module refs:   _system_init_se
                                                   rom_check_sum_error
           ENTRY                   ADDRESS         REF BY
           =====                   =======         ======
           rom_I2C_Read            0000041C 
               non_banked function
               calls direct
               stack 1 = 00000000 ( 00000002 )
    -------------------------------------------------------------------------
CODE
  Relative segment, address: CODE 00000430 - 00000439 (0xa bytes), align: 1
  Segment part 250.           Intra module refs:   _system_init
           ENTRY                   ADDRESS         REF BY
           =====                   =======         ======
           dot_matrix_clear        00000430 
               non_banked function
               stack 1 = 00000000 ( 00000002 )
    -------------------------------------------------------------------------
CODE
  Relative segment, address: CODE 0000043A - 000005FF (0x1c6 bytes), align: 1
  Segment part 251.           Intra module refs:   TIMER0_OVF_Handler
                                                   dot_vol_hextodeci
                                                   femto_function
           ENTRY                   ADDRESS         REF BY
           =====                   =======         ======
           dot_string_digit        0000043A 
               non_banked function
               calls direct
               stack 1 = 00000000 ( 00000004 )
               stack 2 = 00000000 ( 00000003 )
    -------------------------------------------------------------------------
CODE
  Relative segment, address: CODE 00000600 - 000008FB (0x2fc bytes), align: 1
  Segment part 254.           Intra module refs:   _system_init_se
           ENTRY                   ADDRESS         REF BY
           =====                   =======         ======
           dot_matrix_bright       00000600 
               non_banked function
               calls direct
               stack 1 = 00000000 ( 00000002 )
               stack 2 = 00000000 ( 00000002 )
    -------------------------------------------------------------------------
CODE
  Relative segment, address: CODE 000008FC - 000009E3 (0xe8 bytes), align: 1
  Segment part 256.           Intra module refs:   TIMER1_OVF_Handler
                                                   audio_level_down
                                                   audio_level_sp_down
                                                   audio_level_sp_up
                                                   audio_level_up
                                                   ess_mute
           ENTRY                   ADDRESS         REF BY
           =====                   =======         ======
           dot_vol_hextodeci       000008FC 
               non_banked function
               calls direct
               stack 1 = 00000000 ( 00000004 )
               stack 2 = 00000000 ( 00000004 )
    -------------------------------------------------------------------------
CODE
  Relative segment, address: CODE 000009E4 - 00000A33 (0x50 bytes), align: 1
  Segment part 258.           Intra module refs:   INT3_Handler
                                                   audio_level_down
                                                   audio_level_up
                                                   remocon_data
           ENTRY                   ADDRESS         REF BY
           =====                   =======         ======
           ess_mute                000009E4 
               non_banked function
               calls direct
               stack 1 = 00000000 ( 00000002 )
    -------------------------------------------------------------------------
CODE
  Relative segment, address: CODE 00000A34 - 00000A61 (0x2e bytes), align: 1
  Segment part 259.           Intra module refs:   _system_init_se
                                                   femto_function
           ENTRY                   ADDRESS         REF BY
           =====                   =======         ======
           phase_ess               00000A34 
               non_banked function
               calls direct
               stack 1 = 00000000 ( 00000002 )
    -------------------------------------------------------------------------
CODE
  Relative segment, address: CODE 00000A62 - 00000A87 (0x26 bytes), align: 1
  Segment part 260.           Intra module refs:   _system_init_se
                                                   audio_level_down
                                                   audio_level_sp_down
                                                   audio_level_sp_up
                                                   audio_level_up
                                                   femto_function
           ENTRY                   ADDRESS         REF BY
           =====                   =======         ======
           volume_set              00000A62 
               non_banked function
               calls direct
               stack 1 = 00000000 ( 00000002 )
               stack 2 = 00000000 ( 00000001 )
    -------------------------------------------------------------------------
CODE
  Relative segment, address: CODE 00000A88 - 00000AB5 (0x2e bytes), align: 1
  Segment part 261.           Intra module refs:   TIMER1_OVF_Handler
           ENTRY                   ADDRESS         REF BY
           =====                   =======         ======
           init_vol_dn             00000A88 
               non_banked function
               calls direct
               stack 1 = 00000000 ( 00000002 )
    -------------------------------------------------------------------------
CODE
  Relative segment, address: CODE 00000AB6 - 00000AC7 (0x12 bytes), align: 1
  Segment part 262.           Intra module refs:   TIMER1_OVF_Handler
           ENTRY                   ADDRESS         REF BY
           =====                   =======         ======
           init_vol                00000AB6 
               non_banked function
               calls direct
               stack 1 = 00000000 ( 00000002 )
    -------------------------------------------------------------------------
CODE
  Relative segment, address: CODE 00000AC8 - 00000AFF (0x38 bytes), align: 1
  Segment part 263.           Intra module refs:   _remocon_processing
           ENTRY                   ADDRESS         REF BY
           =====                   =======         ======
           audio_level_sp_down     00000AC8 
               non_banked function
               calls direct
               stack 1 = 00000000 ( 00000002 )
    -------------------------------------------------------------------------
CODE
  Relative segment, address: CODE 00000B00 - 00000B47 (0x48 bytes), align: 1
  Segment part 264.           Intra module refs:   _remocon_processing
           ENTRY                   ADDRESS         REF BY
           =====                   =======         ======
           audio_level_sp_up       00000B00 
               non_banked function
               calls direct
               stack 1 = 00000000 ( 00000002 )
    -------------------------------------------------------------------------
CODE
  Relative segment, address: CODE 00000B48 - 00000B89 (0x42 bytes), align: 1
  Segment part 265.           Intra module refs:   INT3_Handler
                                                   TIMER1_OVF_Handler
                                                   _remocon_processing
                                                   remocon_data
           ENTRY                   ADDRESS         REF BY
           =====                   =======         ======
           audio_level_down        00000B48 
               non_banked function
               calls direct
               stack 1 = 00000000 ( 00000002 )
    -------------------------------------------------------------------------
CODE
  Relative segment, address: CODE 00000B8A - 00000BD3 (0x4a bytes), align: 1
  Segment part 266.           Intra module refs:   INT3_Handler
                                                   TIMER1_OVF_Handler
                                                   _remocon_processing
                                                   remocon_data
           ENTRY                   ADDRESS         REF BY
           =====                   =======         ======
           audio_level_up          00000B8A 
               non_banked function
               calls direct
               stack 1 = 00000000 ( 00000002 )
    -------------------------------------------------------------------------
CODE
  Relative segment, address: CODE 00000BD4 - 00000C57 (0x84 bytes), align: 1
  Segment part 267.           Intra module refs:   _system_init_se
                                                   channel_down
                                                   channel_up
           ENTRY                   ADDRESS         REF BY
           =====                   =======         ======
           channel_change          00000BD4 
               non_banked function
               calls direct
               stack 1 = 00000000 ( 00000002 )
    -------------------------------------------------------------------------
CODE
  Relative segment, address: CODE 00000C58 - 00000C7D (0x26 bytes), align: 1
  Segment part 268.           Intra module refs:   INT3_Handler
                                                   remocon_data
           ENTRY                   ADDRESS         REF BY
           =====                   =======         ======
           channel_up              00000C58 
               non_banked function
               calls direct
               stack 1 = 00000000 ( 00000002 )
    -------------------------------------------------------------------------
CODE
  Relative segment, address: CODE 00000C7E - 00000CA3 (0x26 bytes), align: 1
  Segment part 269.           Intra module refs:   INT3_Handler
                                                   remocon_data
           ENTRY                   ADDRESS         REF BY
           =====                   =======         ======
           channel_down            00000C7E 
               non_banked function
               calls direct
               stack 1 = 00000000 ( 00000002 )
    -------------------------------------------------------------------------
CODE
  Relative segment, address: CODE 00000CA4 - 00000F2B (0x288 bytes), align: 1
  Segment part 270.           Intra module refs:   _system_init_se
                                                   femto_function
           ENTRY                   ADDRESS         REF BY
           =====                   =======         ======
           ess_filter              00000CA4 
               non_banked function
               calls direct
               stack 1 = 00000000 ( 00000002 )
               stack 2 = 00000000 ( 00000007 )
    -------------------------------------------------------------------------
CODE
  Relative segment, address: CODE 00000F2C - 00001041 (0x116 bytes), align: 1
  Segment part 271.           Intra module refs:   INT3_Handler
                                                   remocon_data
           ENTRY                   ADDRESS         REF BY
           =====                   =======         ======
           femto_function          00000F2C 
               non_banked function
               calls direct
               stack 1 = 00000000 ( 00000004 )
               stack 2 = 00000000 ( 00000004 )
    -------------------------------------------------------------------------
NEAR_Z
  Relative segment, address: DATA 000004C8 - 000004C8 (0x1 bytes), align: 0
  Segment part 183.           Intra module refs:   IR_error
                                                   TIMER2_OVF_Handler
                                                   _remocon_processing
                                                   remocon_data
           ENTRY                   ADDRESS         REF BY
           =====                   =======         ======
           _flg_on_remocon         000004C8 
    -------------------------------------------------------------------------
NEAR_Z
  Relative segment, address: DATA 000004C9 - 000004C9 (0x1 bytes), align: 0
  Segment part 184.           Intra module refs:   IR_error
                                                   TIMER2_OVF_Handler
                                                   _remocon_processing
                                                   remocon_data
           ENTRY                   ADDRESS         REF BY
           =====                   =======         ======
           _code_remocon           000004C9 
    -------------------------------------------------------------------------
NEAR_Z
  Relative segment, address: DATA 000004CA - 000004CB (0x2 bytes), align: 0
  Segment part 185.           Intra module refs:   INT5_Handler
                                                   TIMER2_OVF_Handler
           ENTRY                   ADDRESS         REF BY
           =====                   =======         ======
           _counter_remocon        000004CA 
    -------------------------------------------------------------------------
NEAR_Z
  Relative segment, address: DATA 000004CC - 000004CD (0x2 bytes), align: 0
  Segment part 186.           Intra module refs:   IR_error
                                                   TIMER2_OVF_Handler
                                                   remocon_data
           ENTRY                   ADDRESS         REF BY
           =====                   =======         ======
           _remocon_custom         000004CC 
    -------------------------------------------------------------------------
NEAR_Z
  Relative segment, address: DATA 000004CE - 000004CF (0x2 bytes), align: 0
  Segment part 187.           Intra module refs:   IR_error
                                                   TIMER2_OVF_Handler
                                                   remocon_data
           ENTRY                   ADDRESS         REF BY
           =====                   =======         ======
           _remocon_custom_2       000004CE 
    -------------------------------------------------------------------------
NEAR_Z
  Relative segment, address: DATA 000004D0 - 000004D1 (0x2 bytes), align: 0
  Segment part 188.           Intra module refs:   IR_error
                                                   TIMER2_OVF_Handler
                                                   remocon_data
           ENTRY                   ADDRESS         REF BY
           =====                   =======         ======
           _remocon_data           000004D0 
    -------------------------------------------------------------------------
NEAR_Z
  Relative segment, address: DATA 000004D2 - 000004D3 (0x2 bytes), align: 0
  Segment part 190.           Intra module refs:   IR_error
                                                   TIMER2_OVF_Handler
                                                   remocon_data
           ENTRY                   ADDRESS         REF BY
           =====                   =======         ======
           _remocon_data_2         000004D2 
    -------------------------------------------------------------------------
NEAR_Z
  Relative segment, address: DATA 000004D4 - 000004D4 (0x1 bytes), align: 0
  Segment part 191.           Intra module refs:   IR_error
                                                   TIMER2_OVF_Handler
                                                   remocon_data
           ENTRY                   ADDRESS         REF BY
           =====                   =======         ======
           _remocon_counter        000004D4 
    -------------------------------------------------------------------------
NEAR_Z
  Relative segment, address: DATA 000004D5 - 000004D5 (0x1 bytes), align: 0
  Segment part 195.           Intra module refs:   _remocon_processing
           ENTRY                   ADDRESS         REF BY
           =====                   =======         ======
           _flg_repeat             000004D5 
    -------------------------------------------------------------------------
NEAR_Z
  Relative segment, address: DATA 000004D6 - 000004D7 (0x2 bytes), align: 0
  Segment part 196.           Intra module refs:   _remocon_processing
           ENTRY                   ADDRESS         REF BY
           =====                   =======         ======
           _remocon_repeat_count   000004D6 
    -------------------------------------------------------------------------
NEAR_Z
  Relative segment, address: DATA 000004D8 - 000004D8 (0x1 bytes), align: 0
  Segment part 197.           Intra module refs:   _remocon_processing
           ENTRY                   ADDRESS         REF BY
           =====                   =======         ======
           _flg_run_repeat         000004D8 
    -------------------------------------------------------------------------
NEAR_Z
  Relative segment, address: DATA 000004D9 - 000004DA (0x2 bytes), align: 0
  Segment part 199.           Intra module refs:   TIMER2_OVF_Handler
                                                   remocon_data
           ENTRY                   ADDRESS         REF BY
           =====                   =======         ======
           cnt_remocon             000004D9 
    -------------------------------------------------------------------------
NEAR_Z
  Relative segment, address: DATA 000004DB - 000004DB (0x1 bytes), align: 0
  Segment part 200.           Intra module refs:   _remocon_processing
                                                   remocon_data
           ENTRY                   ADDRESS         REF BY
           =====                   =======         ======
           bit_input               000004DB 
    -------------------------------------------------------------------------
NEAR_Z
  Relative segment, address: DATA 000004DC - 000004DC (0x1 bytes), align: 0
  Segment part 201.           Intra module refs:   IR_error
                                                   TIMER2_OVF_Handler
                                                   _remocon_processing
                                                   remocon_data
           ENTRY                   ADDRESS         REF BY
           =====                   =======         ======
           _repeat_remocon         000004DC 
    -------------------------------------------------------------------------
NEAR_I
  Relative segment, address: DATA 00000464 - 00000464 (0x1 bytes), align: 0
  Segment part 202.           Intra module refs:   _remocon_processing
                                                   remocon_data
           ENTRY                   ADDRESS         REF BY
           =====                   =======         ======
           _repeat_data            00000464 
    -------------------------------------------------------------------------
NEAR_Z
  Relative segment, address: DATA 000004DD - 000004DD (0x1 bytes), align: 0
  Segment part 204.           Intra module refs:   INT5_Handler
                                                   IR_error
                                                   TIMER2_OVF_Handler
                                                   _remocon_processing
                                                   remocon_data
           ENTRY                   ADDRESS         REF BY
           =====                   =======         ======
           low_bit_time            000004DD 
    -------------------------------------------------------------------------
NEAR_Z
  Relative segment, address: DATA 000004DE - 000004DE (0x1 bytes), align: 0
  Segment part 205.           Intra module refs:   INT5_Handler
                                                   IR_error
                                                   TIMER2_OVF_Handler
                                                   _remocon_processing
                                                   remocon_data
           ENTRY                   ADDRESS         REF BY
           =====                   =======         ======
           low_start_flag          000004DE 
    -------------------------------------------------------------------------
NEAR_Z
  Relative segment, address: DATA 000004DF - 000004DF (0x1 bytes), align: 0
  Segment part 206.           Intra module refs:   INT5_Handler
                                                   IR_error
                                                   TIMER2_OVF_Handler
                                                   _remocon_processing
                                                   remocon_data
           ENTRY                   ADDRESS         REF BY
           =====                   =======         ======
           high_bit_0              000004DF 
    -------------------------------------------------------------------------
NEAR_Z
  Relative segment, address: DATA 000004E0 - 000004E0 (0x1 bytes), align: 0
  Segment part 207.           Intra module refs:   INT5_Handler
                                                   IR_error
                                                   TIMER2_OVF_Handler
                                                   _remocon_processing
                                                   remocon_data
           ENTRY                   ADDRESS         REF BY
           =====                   =======         ======
           high_bit_1              000004E0 
    -------------------------------------------------------------------------
NEAR_Z
  Relative segment, address: DATA 000004E1 - 000004E1 (0x1 bytes), align: 0
  Segment part 208.           Intra module refs:   INT5_Handler
                                                   IR_error
                                                   TIMER2_OVF_Handler
                                                   _remocon_processing
                                                   remocon_data
           ENTRY                   ADDRESS         REF BY
           =====                   =======         ======
           high_start_flag         000004E1 
    -------------------------------------------------------------------------
NEAR_Z
  Relative segment, address: DATA 000004E2 - 000004E2 (0x1 bytes), align: 0
  Segment part 209.           Intra module refs:   INT5_Handler
                                                   IR_error
                                                   TIMER2_OVF_Handler
                                                   _remocon_processing
                                                   remocon_data
           ENTRY                   ADDRESS         REF BY
           =====                   =======         ======
           high_repeat_flag0       000004E2 
    -------------------------------------------------------------------------
NEAR_Z
  Relative segment, address: DATA 000004E3 - 000004E3 (0x1 bytes), align: 0
  Segment part 210.           Intra module refs:   INT5_Handler
                                                   IR_error
                                                   TIMER2_OVF_Handler
                                                   _remocon_processing
                                                   remocon_data
           ENTRY                   ADDRESS         REF BY
           =====                   =======         ======
           high_repeat_flag1       000004E3 
    -------------------------------------------------------------------------
NEAR_Z
  Relative segment, address: DATA 000004E4 - 000004E4 (0x1 bytes), align: 0
  Segment part 211.           Intra module refs:   IR_error
                                                   TIMER2_OVF_Handler
                                                   _remocon_processing
                                                   remocon_data
           ENTRY                   ADDRESS         REF BY
           =====                   =======         ======
           ir_error_check          000004E4 
    -------------------------------------------------------------------------
CODE
  Relative segment, address: CODE 00001042 - 00001145 (0x104 bytes), align: 1
  Segment part 272.           Intra module refs:   Segment part 43
           ENTRY                   ADDRESS         REF BY
           =====                   =======         ======
           TIMER2_OVF_Handler      00001042 
               interrupt, non_banked function
               stack 1 = 00000000 ( 00000002 )
               stack 2 = 00000000 ( 00000006 )
    -------------------------------------------------------------------------
CODE
  Relative segment, address: CODE 00001146 - 000011BF (0x7a bytes), align: 1
  Segment part 273.           Intra module refs:   INT5_Handler
                                                   remocon_data
           ENTRY                   ADDRESS         REF BY
           =====                   =======         ======
           IR_error                00001146 
               non_banked function
               stack 1 = 00000000 ( 00000002 )
    -------------------------------------------------------------------------
NEAR_Z
  Relative segment, address: DATA 000004E5 - 000004E5 (0x1 bytes), align: 0
  Segment part 212.           Intra module refs:   remocon_data
           ENTRY                   ADDRESS         REF BY
           =====                   =======         ======
           new_repeat_flag         000004E5 
    -------------------------------------------------------------------------
CODE
  Relative segment, address: CODE 000011C0 - 000014BF (0x300 bytes), align: 1
  Segment part 274.           Intra module refs:   _remocon_processing
           ENTRY                   ADDRESS         REF BY
           =====                   =======         ======
           remocon_data            000011C0 
               non_banked function
               calls direct
               stack 1 = 00000000 ( 00000002 )
    -------------------------------------------------------------------------
NEAR_Z
  Relative segment, address: DATA 000004E6 - 000004E7 (0x2 bytes), align: 0
  Segment part 213.           Intra module refs:   _remocon_processing
           ENTRY                   ADDRESS         REF BY
           =====                   =======         ======
           sp_en_cnt               000004E6 
    -------------------------------------------------------------------------
CODE
  Relative segment, address: CODE 000014C0 - 00001653 (0x194 bytes), align: 1
  Segment part 275.           Intra module refs:   INT5_Handler
           ENTRY                   ADDRESS         REF BY
           =====                   =======         ======
           _remocon_processing     000014C0 
               non_banked function
               calls direct
               stack 1 = 00000000 ( 00000002 )
               stack 2 = 00000000 ( 00000002 )
    -------------------------------------------------------------------------
NEAR_Z
  Relative segment, address: DATA 000004E8 - 000004E8 (0x1 bytes), align: 0
  Segment part 214.           Intra module refs:   INT5_Handler
           ENTRY                   ADDRESS         REF BY
           =====                   =======         ======
           ir_error                000004E8 
    -------------------------------------------------------------------------
CODE
  Relative segment, address: CODE 00001654 - 000017D5 (0x182 bytes), align: 1
  Segment part 276.           Intra module refs:   Segment part 40
           ENTRY                   ADDRESS         REF BY
           =====                   =======         ======
           INT5_Handler            00001654 
               interrupt, non_banked function
               calls direct
               stack 1 = 00000000 ( 00000002 )
               stack 2 = 00000000 ( 00000011 )
    -------------------------------------------------------------------------
CODE
  Relative segment, address: CODE 000017D6 - 0000189D (0xc8 bytes), align: 1
  Segment part 277.           Intra module refs:   main
           ENTRY                   ADDRESS         REF BY
           =====                   =======         ======
           _system_init            000017D6 
               non_banked function
               calls direct
               stack 1 = 00000000 ( 00000002 )
    -------------------------------------------------------------------------
NEAR_Z
  Relative segment, address: DATA 000004E9 - 000004EA (0x2 bytes), align: 0
  Segment part 217.           Intra module refs:   _system_init_se
                                                   rom_check_sum_error
           ENTRY                   ADDRESS         REF BY
           =====                   =======         ======
           test_check              000004E9 
    -------------------------------------------------------------------------
NEAR_Z
  Relative segment, address: DATA 000004EB - 000004EB (0x1 bytes), align: 0
  Segment part 219.           Intra module refs:   _system_init_se
           ENTRY                   ADDRESS         REF BY
           =====                   =======         ======
           init_rom_data0          000004EB 
    -------------------------------------------------------------------------
NEAR_Z
  Relative segment, address: DATA 000004EC - 000004EC (0x1 bytes), align: 0
  Segment part 220.           Intra module refs:   _system_init_se
           ENTRY                   ADDRESS         REF BY
           =====                   =======         ======
           init_rom_data1          000004EC 
    -------------------------------------------------------------------------
NEAR_Z
  Relative segment, address: DATA 000004ED - 000004ED (0x1 bytes), align: 0
  Segment part 221.           Intra module refs:   _system_init_se
           ENTRY                   ADDRESS         REF BY
           =====                   =======         ======
           init_rom_data2          000004ED 
    -------------------------------------------------------------------------
NEAR_Z
  Relative segment, address: DATA 000004EE - 000004EE (0x1 bytes), align: 0
  Segment part 222.           Intra module refs:   rom_check_sum_error
           ENTRY                   ADDRESS         REF BY
           =====                   =======         ======
           init_rom_add0           000004EE 
    -------------------------------------------------------------------------
NEAR_Z
  Relative segment, address: DATA 000004EF - 000004EF (0x1 bytes), align: 0
  Segment part 223.           Intra module refs:   rom_check_sum_error
           ENTRY                   ADDRESS         REF BY
           =====                   =======         ======
           init_rom_add1           000004EF 
    -------------------------------------------------------------------------
NEAR_Z
  Relative segment, address: DATA 000004F0 - 000004F0 (0x1 bytes), align: 0
[...]
           =====                   =======         ======
           __?EEARH                0000001F 

    *************************************************************************

  FILE NAME : E:\Program Files\IAR Systems\Embedded Workbench 3.2\avr\lib\clib\cl3s-ec.r90
  PROGRAM MODULE, NAME : ?RESET

  SEGMENTS IN THE MODULE
  ======================
INTVEC
  Common segment, address: CODE 00000000 - 00000003 (0x4 bytes), align: 1
  Segment part 0. ROOT.

    -------------------------------------------------------------------------
  LIBRARY MODULE, NAME : ?C_STARTUP

  SEGMENTS IN THE MODULE
  ======================
CODE
  Relative segment, address: CODE 0000256E, align: 1
  Segment part 2.
           ENTRY                   ADDRESS         REF BY
           =====                   =======         ======
           ?C_STARTUP              0000256E        Segment part 0 (?RESET)
           __RESTART               0000256E 
    -------------------------------------------------------------------------
CODE
  Relative segment, address: CODE 0000256E - 00002579 (0xc bytes), align: 1
  Segment part 4.             Intra module refs:   Segment part 2
    -------------------------------------------------------------------------
CODE
  Relative segment, address: CODE 0000257A - 0000257D (0x4 bytes), align: 1
  Segment part 6.             Intra module refs:   Segment part 4
           ENTRY                   ADDRESS         REF BY
           =====                   =======         ======
           ?call_low_level_init    0000257A 
    -------------------------------------------------------------------------
CODE
  Relative segment, address: CODE 0000257E - 00002585 (0x8 bytes), align: 1
  Segment part 7.
           ENTRY                   ADDRESS         REF BY
           =====                   =======         ======
           ?need_segment_init      0000257E        ?<Segment init: NEAR_I> (App_0V1_start2)
                                                   ?<Segment init: NEAR_Z> (App_0V1_start2)
    -------------------------------------------------------------------------
CODE
  Relative segment, address: CODE 00002586 - 00002591 (0xc bytes), align: 1
  Segment part 8.             Intra module refs:   ?call_low_level_init
           ENTRY                   ADDRESS         REF BY
           =====                   =======         ======
           ?cstartup_call_main     00002586 

    -------------------------------------------------------------------------
  LIBRARY MODULE, NAME : ?UC_DIVMOD_L01

  SEGMENTS IN THE MODULE
  ======================
CODE
  Relative segment, address: CODE 00002592 - 000025AD (0x1c bytes), align: 1
  Segment part 0.
           ENTRY                   ADDRESS         REF BY
           =====                   =======         ======
           ?UC_DIVMOD_L01          00002592        dot_vol_hextodeci (App_0V1_start2)

    -------------------------------------------------------------------------
  LIBRARY MODULE, NAME : ?S_EC_MUL_L02

  SEGMENTS IN THE MODULE
  ======================
CODE
  Relative segment, address: CODE 000025AE - 000025BD (0x10 bytes), align: 1
  Segment part 0.
           ENTRY                   ADDRESS         REF BY
           =====                   =======         ======
           ?S_EC_MUL_L02           000025AE        TIMER0_OVF_Handler (App_0V1_start2)
                                                   dot_string_digit (App_0V1_start2)
                                                   femto_function (App_0V1_start2)

    -------------------------------------------------------------------------
  LIBRARY MODULE, NAME : ?S_SHL_L02

  SEGMENTS IN THE MODULE
  ======================

    -------------------------------------------------------------------------
  LIBRARY MODULE, NAME : ?SS_SHR_L02

  SEGMENTS IN THE MODULE
  ======================

    -------------------------------------------------------------------------
  LIBRARY MODULE, NAME : ?PROLOGUE_L09

  SEGMENTS IN THE MODULE
  ======================
CODE
  Relative segment, address: CODE 000025BE - 000025BF (0x2 bytes), align: 1
  Segment part 9.
           ENTRY                   ADDRESS         REF BY
           =====                   =======         ======
           ?PROLOGUE7_L09          000025BE        ess_filter (App_0V1_start2)
    -------------------------------------------------------------------------
CODE
  Relative segment, address: CODE 000025C0 - 000025C1 (0x2 bytes), align: 1
  Segment part 10.            Intra module refs:   ?PROLOGUE7_L09
           ENTRY                   ADDRESS         REF BY
           =====                   =======         ======
           ?PROLOGUE6_L09          000025C0 
    -------------------------------------------------------------------------
CODE
  Relative segment, address: CODE 000025C2 - 000025C3 (0x2 bytes), align: 1
  Segment part 11.            Intra module refs:   ?PROLOGUE6_L09
           ENTRY                   ADDRESS         REF BY
           =====                   =======         ======
           ?PROLOGUE5_L09          000025C2 
    -------------------------------------------------------------------------
CODE
  Relative segment, address: CODE 000025C4 - 000025C5 (0x2 bytes), align: 1
  Segment part 12.            Intra module refs:   ?PROLOGUE5_L09
           ENTRY                   ADDRESS         REF BY
           =====                   =======         ======
           ?PROLOGUE4_L09          000025C4        DelayTime_ms (App_0V1_start2)
                                                   dot_vol_hextodeci (App_0V1_start2)
                                                   femto_function (App_0V1_start2)
    -------------------------------------------------------------------------
CODE
  Relative segment, address: CODE 000025C6 - 000025C7 (0x2 bytes), align: 1
  Segment part 13.            Intra module refs:   ?PROLOGUE4_L09
           ENTRY                   ADDRESS         REF BY
           =====                   =======         ======
           ?PROLOGUE3_L09          000025C6        I2C_Write (App_0V1_start2)
                                                   dot_string_digit (App_0V1_start2)
    -------------------------------------------------------------------------
CODE
  Relative segment, address: CODE 000025C8 - 000025C9 (0x2 bytes), align: 1
  Segment part 14.            Intra module refs:   ?PROLOGUE3_L09
           ENTRY                   ADDRESS         REF BY
           =====                   =======         ======
           ?PROLOGUE2_L09          000025C8 
    -------------------------------------------------------------------------
CODE
  Relative segment, address: CODE 000025CA - 000025CB (0x2 bytes), align: 1
  Segment part 15.            Intra module refs:   ?PROLOGUE2_L09
           ENTRY                   ADDRESS         REF BY
           =====                   =======         ======
           ?PROLOGUE1_L09          000025CA 
    -------------------------------------------------------------------------
CODE
  Relative segment, address: CODE 000025CC - 000025CD (0x2 bytes), align: 1
  Segment part 16.            Intra module refs:   ?PROLOGUE1_L09

    -------------------------------------------------------------------------
  LIBRARY MODULE, NAME : ?EPILOGUE_B_L09

  SEGMENTS IN THE MODULE
  ======================
CODE
  Relative segment, address: CODE 000025CE - 000025CF (0x2 bytes), align: 1
  Segment part 9.
           ENTRY                   ADDRESS         REF BY
           =====                   =======         ======
           ?EPILOGUE_B7_L09        000025CE        ess_filter (App_0V1_start2)
    -------------------------------------------------------------------------
CODE
  Relative segment, address: CODE 000025D0 - 000025D1 (0x2 bytes), align: 1
  Segment part 10.            Intra module refs:   ?EPILOGUE_B7_L09
           ENTRY                   ADDRESS         REF BY
           =====                   =======         ======
           ?EPILOGUE_B6_L09        000025D0 
    -------------------------------------------------------------------------
CODE
  Relative segment, address: CODE 000025D2 - 000025D3 (0x2 bytes), align: 1
  Segment part 11.            Intra module refs:   ?EPILOGUE_B6_L09
           ENTRY                   ADDRESS         REF BY
           =====                   =======         ======
           ?EPILOGUE_B5_L09        000025D2 
    -------------------------------------------------------------------------
CODE
  Relative segment, address: CODE 000025D4 - 000025D5 (0x2 bytes), align: 1
  Segment part 12.            Intra module refs:   ?EPILOGUE_B5_L09
           ENTRY                   ADDRESS         REF BY
           =====                   =======         ======
           ?EPILOGUE_B4_L09        000025D4        DelayTime_ms (App_0V1_start2)
                                                   dot_vol_hextodeci (App_0V1_start2)
                                                   femto_function (App_0V1_start2)
    -------------------------------------------------------------------------
CODE
  Relative segment, address: CODE 000025D6 - 000025D7 (0x2 bytes), align: 1
  Segment part 13.            Intra module refs:   ?EPILOGUE_B4_L09
           ENTRY                   ADDRESS         REF BY
           =====                   =======         ======
           ?EPILOGUE_B3_L09        000025D6        I2C_Write (App_0V1_start2)
                                                   dot_string_digit (App_0V1_start2)
    -------------------------------------------------------------------------
CODE
  Relative segment, address: CODE 000025D8 - 000025D9 (0x2 bytes), align: 1
  Segment part 14.            Intra module refs:   ?EPILOGUE_B3_L09
           ENTRY                   ADDRESS         REF BY
           =====                   =======         ======
           ?EPILOGUE_B2_L09        000025D8 
    -------------------------------------------------------------------------
CODE
  Relative segment, address: CODE 000025DA - 000025DB (0x2 bytes), align: 1
  Segment part 15.            Intra module refs:   ?EPILOGUE_B2_L09
           ENTRY                   ADDRESS         REF BY
           =====                   =======         ======
           ?EPILOGUE_B1_L09        000025DA 
    -------------------------------------------------------------------------
CODE
  Relative segment, address: CODE 000025DC - 000025E9 (0xe bytes), align: 1
  Segment part 16.            Intra module refs:   ?EPILOGUE_B1_L09
           ENTRY                   ADDRESS         REF BY
           =====                   =======         ======
           ?EPILOGUE_B0_L09        000025DC 

    -------------------------------------------------------------------------
  LIBRARY MODULE, NAME : ?REGISTER_CGREGR4_L10

  SEGMENTS IN THE MODULE
  ======================
CODE
  Relative segment, address: CODE 000025EA, align: 1
  Segment part 0.
           ENTRY                   ADDRESS         REF BY
           =====                   =======         ======
           ?Register_R4_is_cg_reg
                                   000025EA        TIMER0_OVF_Handler (App_0V1_start2)
                                                   ess_filter (App_0V1_start2)

    -------------------------------------------------------------------------
  LIBRARY MODULE, NAME : ?REGISTER_CGREGR5_L10

  SEGMENTS IN THE MODULE
  ======================
CODE
  Relative segment, address: CODE 000025EA, align: 1
  Segment part 0.
           ENTRY                   ADDRESS         REF BY
           =====                   =======         ======
           ?Register_R5_is_cg_reg
                                   000025EA        TIMER0_OVF_Handler (App_0V1_start2)
                                                   ess_filter (App_0V1_start2)

    -------------------------------------------------------------------------
  LIBRARY MODULE, NAME : ?REGISTER_CGREGR6_L10

  SEGMENTS IN THE MODULE
  ======================
CODE
  Relative segment, address: CODE 000025EA, align: 1
  Segment part 0.
           ENTRY                   ADDRESS         REF BY
           =====                   =======         ======
           ?Register_R6_is_cg_reg
                                   000025EA        ess_filter (App_0V1_start2)

    -------------------------------------------------------------------------
  LIBRARY MODULE, NAME : low_level_init

  SEGMENTS IN THE MODULE
  ======================
CODE
  Relative segment, address: CODE 000025EA - 000025ED (0x4 bytes), align: 1
  Segment part 3.
           ENTRY                   ADDRESS         REF BY
           =====                   =======         ======
           __low_level_init        000025EA        ?call_low_level_init (?C_STARTUP)
               non_banked function
               stack 1 = 00000000 ( 00000002 )

    -------------------------------------------------------------------------
  LIBRARY MODULE, NAME : ?segment_init

  SEGMENTS IN THE MODULE
  ======================
CODE
  Relative segment, address: CODE 000025EE - 000025F5 (0x8 bytes), align: 1
  Segment part 3.             Intra module refs:   __segment_init
           ENTRY                   ADDRESS         REF BY
           =====                   =======         ======
           __memclr                000025EE 
               non_banked function
               stack 1 = 00000000 ( 00000002 )
    -------------------------------------------------------------------------
CODE
  Relative segment, address: CODE 000025F6 - 00002601 (0xc bytes), align: 1
  Segment part 4.             Intra module refs:   __flashcpy
                                                   __memclr
    -------------------------------------------------------------------------
CODE
  Relative segment, address: CODE 00002602 - 0000260D (0xc bytes), align: 1
  Segment part 5.             Intra module refs:   __segment_init
           ENTRY                   ADDRESS         REF BY
           =====                   =======         ======
           __flashcpy              00002602 
               non_banked function
               stack 1 = 00000000 ( 00000002 )
    -------------------------------------------------------------------------
CODE
  Relative segment, address: CODE 0000260E - 0000266D (0x60 bytes), align: 1
  Segment part 6.
           ENTRY                   ADDRESS         REF BY
           =====                   =======         ======
           __segment_init          0000260E        ?need_segment_init (?C_STARTUP)
               non_banked function
               calls direct
               stack 1 = 00000000 ( 00000002 )

    -------------------------------------------------------------------------
  LIBRARY MODULE, NAME : ?__exit

  SEGMENTS IN THE MODULE
  ======================
CODE
  Relative segment, address: CODE 0000266E - 00002673 (0x6 bytes), align: 1
  Segment part 0.
           ENTRY                   ADDRESS         REF BY
           =====                   =======         ======
           __exit                  00002670 
           ?C_EXIT                 00002670 
           ?C_FUNCALL              0000266E 
           _exit                   0000266E        ?cstartup_call_main (?C_STARTUP)
           exit                    0000266E        ?cstartup_call_main (?C_STARTUP)

    *************************************************************************

  DEFINED ABSOLUTE ENTRIES
  PROGRAM MODULE, NAME : ?FILLER_BYTES

  SEGMENTS IN THE MODULE
  ======================
INTVEC
  Common segment, address: CODE 00000000 - 00000043 (0x44 bytes), align: 0
  Segment part 1.
    -------------------------------------------------------------------------
?FILL1
  Relative segment, address: CODE 00000044 - 0000008B (0x48 bytes), align: 0
  Segment part 0.




                ****************************************
                *                                      *
                *      SEGMENTS IN ADDRESS ORDER       *
                *                                      *
                ****************************************


SEGMENT              SPACE    START ADDRESS   END ADDRESS     SIZE  TYPE  ALIGN
=======              =====    =============   ===========     ====  ====  =====
INTVEC               CODE          00000000 - 00000043          44   com    1
?FILL1               CODE          00000044 - 0000008B          48   rel    0
CODE                 CODE          0000008C - 00002673        25E8   rel    1
INITTAB              CODE          00002674 - 00002681           E   rel    0
NEAR_ID              CODE          00002682 - 000029A7         326   rel    0
ABSOLUTE (ABS)       DATA               0000001C                     rel    0
                     DATA               0000001D                   
                     DATA               0000001E                   
                     DATA               0000001F                   
                     DATA          00000020 - 00000020           1 
                     DATA          00000021 - 00000021           1 
                     DATA          00000022 - 00000022           1 
                     DATA          00000023 - 00000023           1 
                     DATA          00000030 - 00000030           1 
                     DATA          00000031 - 00000031           1 
                     DATA          00000032 - 00000032           1 
                     DATA          00000033 - 00000033           1 
                     DATA          00000034 - 00000034           1 
                     DATA          00000035 - 00000035           1 
                     DATA          00000036 - 00000036           1 
                     DATA          00000037 - 00000037           1 
                     DATA          00000038 - 00000038           1 
                     DATA          00000039 - 00000039           1 
                     DATA          0000003A - 0000003A           1 
                     DATA          0000003B - 0000003B           1 
                     DATA          00000044 - 00000044           1 
                     DATA          00000045 - 00000045           1 
                     DATA          0000004C - 0000004D           2 
                     DATA          0000004E - 0000004E           1 
                     DATA          00000051 - 00000051           1 
                     DATA          00000052 - 00000052           1 
                     DATA          00000053 - 00000053           1 
                     DATA          00000056 - 00000056           1 
                     DATA          00000057 - 00000057           1 
                     DATA          00000058 - 00000058           1 
                     DATA          00000059 - 00000059           1 
                     DATA          0000005A - 0000005A           1 
                     DATA          00000061 - 00000061           1 
                     DATA          00000062 - 00000062           1 
                     DATA          00000063 - 00000063           1 
                     DATA          00000064 - 00000064           1 
                     DATA          00000065 - 00000065           1 
                     DATA          0000006A - 0000006A           1 
CSTACK               DATA          00000100 - 0000011F          20   dse    0
RSTACK               DATA          00000120 - 0000013F          20   dse    0
NEAR_I               DATA          00000140 - 00000465         326   rel    0
NEAR_Z               DATA          00000466 - 000004F3          8E   rel    0

                ****************************************
                *                                      *
                *        END OF CROSS REFERENCE        *
                *                                      *
                ****************************************

 10 592 bytes of CODE memory (+             72 range fill )
  1 012 bytes of DATA memory (+ 35 absolute )

Errors: none
Warnings: none

