################################################################################
#                                                                              #
#      IAR Universal Linker V4.58A/386                                         #
#                                                                              #
#           Link time     =  18/May/2012  17:21:45                             #
#           Target CPU    =  A90                                               #
#           List file     =  H:\2_CalyxII\0_FEMTO\0_Circuit\2_MCU\0V0_remocon\ #
#                            Release\List\FEMTO_REMOCON_0V0.map                #
#           Output file 1 =  H:\2_CalyxII\0_FEMTO\0_Circuit\2_MCU\0V0_remocon\ #
#                            Release\Exe\FEMTO_REMOCON_0V0.HEX                 #
#                            Format: intel-standard, variant: -Y0              #
#           Command line  =  H:\2_CalyxII\0_FEMTO\0_Circuit\2_MCU\0V0_remocon\ #
#                            Release\Obj\0V1_remocon_APP.r90                   #
#                            -o                                                #
#                            H:\2_CalyxII\0_FEMTO\0_Circuit\2_MCU\0V0_remocon\ #
#                            Release\Exe\FEMTO_REMOCON_0V0.HEX                 #
#                            -Fintel-standard -Y0 -B -l                        #
#                            H:\2_CalyxII\0_FEMTO\0_Circuit\2_MCU\0V0_remocon\ #
#                            Release\List\FEMTO_REMOCON_0V0.map                #
#                            -xms                                              #
#                            "-IE:\Program Files\IAR Systems\Embedded Workbenc #
#                            h 3.2\avr\LIB\"                                   #
#                            -f                                                #
#                            "E:\Program Files\IAR Systems\Embedded Workbench  #
#                            3.2\avr\config\lnktiny13t.xcl"                    #
#                            (-D_..X_CSTACK_SIZE=10 -D_..X_RSTACK_SIZE=10      #
#                            -D_..X_HEAP_SIZE=8 -ca90 -D_..X_INTVEC_SIZE=14    #
#                            -D_..X_FLASH_END=3FF -D_..X_SRAM_BASE=60          #
#                            -D_..X_SRAM_END=9F -D_..X_EEPROM_END=3F           #
#                            -Z(CODE)INTVEC=0-(_..X_INTVEC_SIZE-1) -H1895      #
#                            -h(CODE)0-_..X_INTVEC_SIZE                        #
#                            -Z(CODE)TINY_F=_..X_INTVEC_SIZE-FF                #
#                            -Z(CODE)SWITCH,INITTAB,DIFUNCT=_..X_INTVEC_SIZE-_ #
#                            ..X_FLASH_END                                     #
#                            -Z(CODE)CODE=_..X_INTVEC_SIZE-_..X_FLASH_END      #
#                            -Z(CODE)NEAR_F=_..X_INTVEC_SIZE-_..X_FLASH_END    #
#                            -Z(CODE)TINY_ID,NEAR_ID,CHECKSUM=_..X_INTVEC_SIZE #
#                            -_..X_FLASH_END                                   #
#                            -Z(DATA)TINY_I,TINY_Z,TINY_N=_..X_SRAM_BASE-_..X_ #
#                            SRAM_END                                          #
#                            -Z(DATA)CSTACK+_..X_CSTACK_SIZE=_..X_SRAM_BASE-_. #
#                            .X_SRAM_END                                       #
#                            -Z(DATA)HEAP+_..X_HEAP_SIZE=_..X_SRAM_BASE-_..X_S #
#                            RAM_END                                           #
#                            -Z(DATA)RSTACK+_..X_RSTACK_SIZE=_..X_SRAM_BASE-_. #
#                            .X_SRAM_END                                       #
#                            -Z(DATA)NEAR_I,NEAR_Z=_..X_SRAM_BASE-_..X_SRAM_EN #
#                            D                                                 #
#                            -Z(XDATA)EEPROM_I,EEPROM_N=0-_..X_EEPROM_END      #
#                            -e_Printf_1=_Printf                               #
#                            -e_small_write=_formatted_write                   #
#                            -e_small_write_P=_formatted_write_P               #
#                            -e_Scanf_1=_Scanf                                 #
#                            -e_medium_read=_formatted_read                    #
#                            -e_medium_read_P=_formatted_read_P -w29)          #
#                            "E:\Program Files\IAR Systems\Embedded Workbench  #
#                            3.2\avr\lib\clib\cl0t-ec.r90"                     #
#                                                                              #
#                        Copyright 1987-2004 IAR Systems. All rights reserved. #
################################################################################





                ****************************************
                *                                      *
                *           CROSS REFERENCE            *
                *                                      *
                ****************************************

                  There are no program entries.




                ****************************************
                *                                      *
                *            RUNTIME MODEL             *
                *                                      *
                ****************************************

  __64bit_doubles = disabled
  __cpu           = 0
  __cpu_name      = ATtiny13
  __enhanced_core = enabled
  __has_elpm      = false
  __memory_model  = 1
  __rt_version    = 3



                ****************************************
                *                                      *
                *              MODULE MAP              *
                *                                      *
                ****************************************


  DEFINED ABSOLUTE ENTRIES
  PROGRAM MODULE, NAME : ?ABS_ENTRY_MOD

Absolute parts
           ENTRY                   ADDRESS         REF BY
           =====                   =======         ======
           _..X_EEPROM_END         0000003F 
           _..X_SRAM_END           0000009F 
           _..X_SRAM_BASE          00000060 
           _..X_FLASH_END          000003FF 
           _..X_INTVEC_SIZE        00000014 
           _..X_HEAP_SIZE          00000008 
           _..X_RSTACK_SIZE        00000010 
           _..X_CSTACK_SIZE        00000010 
    *************************************************************************

  FILE NAME : H:\2_CalyxII\0_FEMTO\0_Circuit\2_MCU\0V0_remocon\Release\Obj\0V1_remocon_APP.r90
  PROGRAM MODULE, NAME : 0V1_remocon_APP

  SEGMENTS IN THE MODULE
  ======================
TINY_Z
  Relative segment, address: DATA 00000067 - 00000067 (0x1 bytes), align: 0
  Segment part 14.            Intra module refs:   IR_tmr
           ENTRY                   ADDRESS         REF BY
           =====                   =======         ======
           carry                   00000067 
    -------------------------------------------------------------------------
TINY_Z
  Relative segment, address: DATA 00000068 - 00000068 (0x1 bytes), align: 0
  Segment part 16.            Intra module refs:   in_key
                                                   in_key_save
                                                   main
           ENTRY                   ADDRESS         REF BY
           =====                   =======         ======
           key_data                00000068 
    -------------------------------------------------------------------------
TINY_Z
  Relative segment, address: DATA 00000069 - 0000006C (0x4 bytes), align: 0
  Segment part 17.            Intra module refs:   in_key_save
           ENTRY                   ADDRESS         REF BY
           =====                   =======         ======
           data_code               00000069 
    -------------------------------------------------------------------------
TINY_I
  Relative segment, address: DATA 00000060 - 00000063 (0x4 bytes), align: 0
  Segment part 18.            Intra module refs:   IR_data_trans
                                                   in_key_save
           ENTRY                   ADDRESS         REF BY
           =====                   =======         ======
           cp_code                 00000060 
    -------------------------------------------------------------------------
TINY_I
  Relative segment, address: DATA 00000064 - 00000064 (0x1 bytes), align: 0
  Segment part 21.            Intra module refs:   in_key_save
                                                   main
           ENTRY                   ADDRESS         REF BY
           =====                   =======         ======
           flag                    00000064 
    -------------------------------------------------------------------------
TINY_I
  Relative segment, address: DATA 00000065 - 00000066 (0x2 bytes), align: 0
  Segment part 23.            Intra module refs:   IR_tmr
                                                   TIMER0_OVF_Handler
           ENTRY                   ADDRESS         REF BY
           =====                   =======         ======
           hold_tmr                00000065 
    -------------------------------------------------------------------------
TINY_Z
  Relative segment, address: DATA 0000006D - 0000006E (0x2 bytes), align: 0
  Segment part 25.            Intra module refs:   IR_lead_trans
                                                   tmr_set
           ENTRY                   ADDRESS         REF BY
           =====                   =======         ======
           lead_tmr0               0000006D 
    -------------------------------------------------------------------------
TINY_Z
  Relative segment, address: DATA 0000006F - 00000070 (0x2 bytes), align: 0
  Segment part 26.            Intra module refs:   IR_lead_trans
                                                   tmr_set
           ENTRY                   ADDRESS         REF BY
           =====                   =======         ======
           lead_tmr1               0000006F 
    -------------------------------------------------------------------------
TINY_Z
  Relative segment, address: DATA 00000071 - 00000071 (0x1 bytes), align: 0
  Segment part 27.            Intra module refs:   IR_data_trans
                                                   IR_lead_trans
                                                   tmr_set
           ENTRY                   ADDRESS         REF BY
           =====                   =======         ======
           signal_tmr0             00000071 
    -------------------------------------------------------------------------
TINY_Z
  Relative segment, address: DATA 00000072 - 00000072 (0x1 bytes), align: 0
  Segment part 28.            Intra module refs:   IR_data_trans
                                                   tmr_set
           ENTRY                   ADDRESS         REF BY
           =====                   =======         ======
           signal_tmr1             00000072 
    -------------------------------------------------------------------------
CODE
  Relative segment, address: CODE 0000001C - 00000069 (0x4e bytes), align: 1
  Segment part 31.            Intra module refs:   IR_data_trans
                                                   IR_lead_trans
                                                   main
           ENTRY                   ADDRESS         REF BY
           =====                   =======         ======
           IR_tmr                  0000001C 
               non_banked function
               stack 1 = 00000000 ( 00000002 )
               stack 2 = 00000000 ( 00000002 )
    -------------------------------------------------------------------------
CODE
  Relative segment, address: CODE 0000006A - 00000089 (0x20 bytes), align: 1
  Segment part 32.            Intra module refs:   IR_data_trans
           ENTRY                   ADDRESS         REF BY
           =====                   =======         ======
           IR_lead_trans           0000006A 
               non_banked function
               calls direct
               stack 1 = 00000000 ( 00000000 )
               stack 2 = 00000000 ( 00000002 )
    -------------------------------------------------------------------------
CODE
  Relative segment, address: CODE 0000008A - 000000DB (0x52 bytes), align: 1
  Segment part 33.            Intra module refs:   main
           ENTRY                   ADDRESS         REF BY
           =====                   =======         ======
           IR_data_trans           0000008A 
               non_banked function
               calls direct
               stack 1 = 00000000 ( 00000001 )
               stack 2 = 00000000 ( 00000004 )
    -------------------------------------------------------------------------
CODE
  Relative segment, address: CODE 000000DC - 000000EB (0x10 bytes), align: 1
  Segment part 34.            Intra module refs:   in_key_save
                                                   main
           ENTRY                   ADDRESS         REF BY
           =====                   =======         ======
           in_key                  000000DC 
               non_banked function
               stack 1 = 00000000 ( 00000000 )
               stack 2 = 00000000 ( 00000002 )
    -------------------------------------------------------------------------
TINY_Z
  Relative segment, address: DATA 00000073 - 00000073 (0x1 bytes), align: 0
  Segment part 29.            Intra module refs:   in_key_save
           ENTRY                   ADDRESS         REF BY
           =====                   =======         ======
           data_temp               00000073 
    -------------------------------------------------------------------------
CODE
  Relative segment, address: CODE 000000EC - 000001CF (0xe4 bytes), align: 1
  Segment part 35.            Intra module refs:   main
           ENTRY                   ADDRESS         REF BY
           =====                   =======         ======
           in_key_save             000000EC 
               non_banked function
               calls direct
               stack 1 = 00000000 ( 00000000 )
               stack 2 = 00000000 ( 00000002 )
    -------------------------------------------------------------------------
CODE
  Relative segment, address: CODE 000001D0 - 0000021B (0x4c bytes), align: 1
  Segment part 36.            Intra module refs:   main
           ENTRY                   ADDRESS         REF BY
           =====                   =======         ======
           tmr_set                 000001D0 
               non_banked function
               stack 1 = 00000000 ( 00000000 )
               stack 2 = 00000000 ( 00000002 )
    -------------------------------------------------------------------------
CODE
  Relative segment, address: CODE 0000021C - 00000233 (0x18 bytes), align: 1
  Segment part 37.            Intra module refs:   Segment part 11
           ENTRY                   ADDRESS         REF BY
           =====                   =======         ======
           TIMER0_OVF_Handler      0000021C 
               interrupt, non_banked function
               stack 1 = 00000000 ( 00000004 )
               stack 2 = 00000000 ( 00000002 )
    -------------------------------------------------------------------------
TINY_Z
  Relative segment, address: DATA 00000074 - 00000074 (0x1 bytes), align: 0
  Segment part 30.            Intra module refs:   main
           ENTRY                   ADDRESS         REF BY
           =====                   =======         ======
           old_key                 00000074 
    -------------------------------------------------------------------------
CODE
  Relative segment, address: CODE 00000234 - 0000028F (0x5c bytes), align: 1
  Segment part 38.
           ENTRY                   ADDRESS         REF BY
           =====                   =======         ======
           main                    00000234        ?cstartup_call_main (?C_STARTUP)
               non_banked function
               calls direct
               stack 1 = 00000000 ( 00000000 )
               stack 2 = 00000000 ( 00000002 )
    -------------------------------------------------------------------------
INTVEC
  Common segment, address: CODE 00000000 - 00000007 (0x8 bytes), align: 1
  Segment part 11. ROOT.
    -------------------------------------------------------------------------
INITTAB
  Relative segment, address: CODE 00000014 - 00000017 (0x4 bytes), align: 0
  Segment part 15.            Intra module refs:   carry
                                                   data_code
                                                   data_temp
                                                   key_data
                                                   lead_tmr0
                                                   lead_tmr1
                                                   old_key
                                                   signal_tmr0
                                                   signal_tmr1
           ENTRY                   ADDRESS         REF BY
           =====                   =======         ======
           ?<Segment init: TINY_Z>
                                   00000014 
    -------------------------------------------------------------------------
TINY_ID
  Relative segment, address: CODE 00000312 - 00000315 (0x4 bytes), align: 0
  Segment part 19.            Intra module refs:   cp_code
    -------------------------------------------------------------------------
INITTAB
  Relative segment, address: CODE 00000018 - 0000001B (0x4 bytes), align: 0
  Segment part 20.            Intra module refs:   cp_code
                                                   flag
                                                   hold_tmr
           ENTRY                   ADDRESS         REF BY
           =====                   =======         ======
           ?<Segment init: TINY_I>
                                   00000018 
    -------------------------------------------------------------------------
TINY_ID
  Relative segment, address: CODE 00000316 - 00000316 (0x1 bytes), align: 0
  Segment part 22.            Intra module refs:   flag
    -------------------------------------------------------------------------
TINY_ID
  Relative segment, address: CODE 00000317 - 00000318 (0x2 bytes), align: 0
  Segment part 24.            Intra module refs:   hold_tmr
    -------------------------------------------------------------------------
ABSOLUTE (ABS)
  Relative segment, address: DATA 00000059 - 00000059 (0x1 bytes), align: 0
  Segment part 1. ROOT.
           ENTRY                   ADDRESS         REF BY
           =====                   =======         ======
           _A_TIMSK0               00000059 
    -------------------------------------------------------------------------
ABSOLUTE (ABS)
  Relative segment, address: DATA 00000058 - 00000058 (0x1 bytes), align: 0
  Segment part 2. ROOT.
           ENTRY                   ADDRESS         REF BY
           =====                   =======         ======
           _A_TIFR0                00000058 
    -------------------------------------------------------------------------
ABSOLUTE (ABS)
  Relative segment, address: DATA 00000053 - 00000053 (0x1 bytes), align: 0
  Segment part 3. ROOT.
           ENTRY                   ADDRESS         REF BY
           =====                   =======         ======
           _A_TCCR0B               00000053 
    -------------------------------------------------------------------------
ABSOLUTE (ABS)
  Relative segment, address: DATA 00000052 - 00000052 (0x1 bytes), align: 0
  Segment part 4. ROOT.
           ENTRY                   ADDRESS         REF BY
           =====                   =======         ======
           _A_TCNT0                00000052 
    -------------------------------------------------------------------------
ABSOLUTE (ABS)
  Relative segment, address: DATA 00000038 - 00000038 (0x1 bytes), align: 0
  Segment part 5. ROOT.
           ENTRY                   ADDRESS         REF BY
           =====                   =======         ======
           _A_PORTB                00000038 
    -------------------------------------------------------------------------
ABSOLUTE (ABS)
  Relative segment, address: DATA 00000037 - 00000037 (0x1 bytes), align: 0
  Segment part 6. ROOT.
           ENTRY                   ADDRESS         REF BY
           =====                   =======         ======
           _A_DDRB                 00000037 
    -------------------------------------------------------------------------
ABSOLUTE (ABS)
  Relative segment, address: DATA 00000036 - 00000036 (0x1 bytes), align: 0
  Segment part 7. ROOT.
           ENTRY                   ADDRESS         REF BY
           =====                   =======         ======
           _A_PINB                 00000036 
    -------------------------------------------------------------------------
ABSOLUTE (ABS)
  Relative segment, address: DATA 0000001C, align: 0
  Segment part 8. ROOT.
           ENTRY                   ADDRESS         REF BY
           =====                   =======         ======
           __?EECR                 0000001C 
    -------------------------------------------------------------------------
ABSOLUTE (ABS)
  Relative segment, address: DATA 0000001D, align: 0
  Segment part 9. ROOT.
           ENTRY                   ADDRESS         REF BY
           =====                   =======         ======
           __?EEDR                 0000001D 
    -------------------------------------------------------------------------
ABSOLUTE (ABS)
  Relative segment, address: DATA 0000001E, align: 0
  Segment part 10. ROOT.
           ENTRY                   ADDRESS         REF BY
           =====                   =======         ======
           __?EEARL                0000001E 

    *************************************************************************

  FILE NAME : E:\Program Files\IAR Systems\Embedded Workbench 3.2\avr\lib\clib\cl0t-ec.r90
  PROGRAM MODULE, NAME : ?RESET

  SEGMENTS IN THE MODULE
  ======================
INTVEC
  Common segment, address: CODE 00000000 - 00000001 (0x2 bytes), align: 1
  Segment part 0. ROOT.

    -------------------------------------------------------------------------
  LIBRARY MODULE, NAME : ?C_STARTUP

  SEGMENTS IN THE MODULE
  ======================
CODE
  Relative segment, address: CODE 00000290, align: 1
  Segment part 2.
           ENTRY                   ADDRESS         REF BY
           =====                   =======         ======
           ?C_STARTUP              00000290        Segment part 0 (?RESET)
           __RESTART               00000290 
    -------------------------------------------------------------------------
CODE
  Relative segment, address: CODE 00000290 - 00000295 (0x6 bytes), align: 1
  Segment part 4.             Intra module refs:   Segment part 2
    -------------------------------------------------------------------------
CODE
  Relative segment, address: CODE 00000296 - 00000297 (0x2 bytes), align: 1
  Segment part 6.             Intra module refs:   Segment part 4
           ENTRY                   ADDRESS         REF BY
           =====                   =======         ======
           ?call_low_level_init    00000296 
    -------------------------------------------------------------------------
CODE
  Relative segment, address: CODE 00000298 - 0000029D (0x6 bytes), align: 1
  Segment part 7.
           ENTRY                   ADDRESS         REF BY
           =====                   =======         ======
           ?need_segment_init      00000298        ?<Segment init: TINY_I> (0V1_remocon_APP)
                                                   ?<Segment init: TINY_Z> (0V1_remocon_APP)
    -------------------------------------------------------------------------
CODE
  Relative segment, address: CODE 0000029E - 000002A3 (0x6 bytes), align: 1
  Segment part 8.             Intra module refs:   ?call_low_level_init
           ENTRY                   ADDRESS         REF BY
           =====                   =======         ======
           ?cstartup_call_main     0000029E 

    -------------------------------------------------------------------------
  LIBRARY MODULE, NAME : ?UL_SHR_L03

  SEGMENTS IN THE MODULE
  ======================
CODE
  Relative segment, address: CODE 000002A4 - 000002B3 (0x10 bytes), align: 1
  Segment part 0.
           ENTRY                   ADDRESS         REF BY
           =====                   =======         ======
           ?UL_SHR_L03             000002A4        IR_data_trans (0V1_remocon_APP)

    -------------------------------------------------------------------------
  LIBRARY MODULE, NAME : ?PROLOGUE_L09

  SEGMENTS IN THE MODULE
  ======================
CODE
  Relative segment, address: CODE 000002B4 - 000002B5 (0x2 bytes), align: 1
  Segment part 14.
           ENTRY                   ADDRESS         REF BY
           =====                   =======         ======
           ?PROLOGUE2_L09          000002B4        IR_tmr (0V1_remocon_APP)
    -------------------------------------------------------------------------
CODE
  Relative segment, address: CODE 000002B6 - 000002B7 (0x2 bytes), align: 1
  Segment part 15.            Intra module refs:   ?PROLOGUE2_L09
           ENTRY                   ADDRESS         REF BY
           =====                   =======         ======
           ?PROLOGUE1_L09          000002B6 
    -------------------------------------------------------------------------
CODE
  Relative segment, address: CODE 000002B8 - 000002B9 (0x2 bytes), align: 1
  Segment part 16.            Intra module refs:   ?PROLOGUE1_L09

    -------------------------------------------------------------------------
  LIBRARY MODULE, NAME : ?EPILOGUE_B_L09

  SEGMENTS IN THE MODULE
  ======================
CODE
  Relative segment, address: CODE 000002BA - 000002BB (0x2 bytes), align: 1
  Segment part 14.
           ENTRY                   ADDRESS         REF BY
           =====                   =======         ======
           ?EPILOGUE_B2_L09        000002BA        IR_tmr (0V1_remocon_APP)
    -------------------------------------------------------------------------
CODE
  Relative segment, address: CODE 000002BC - 000002BD (0x2 bytes), align: 1
  Segment part 15.            Intra module refs:   ?EPILOGUE_B2_L09
           ENTRY                   ADDRESS         REF BY
           =====                   =======         ======
           ?EPILOGUE_B1_L09        000002BC 
    -------------------------------------------------------------------------
CODE
  Relative segment, address: CODE 000002BE - 000002C7 (0xa bytes), align: 1
  Segment part 16.            Intra module refs:   ?EPILOGUE_B1_L09
           ENTRY                   ADDRESS         REF BY
           =====                   =======         ======
           ?EPILOGUE_B0_L09        000002BE 

    -------------------------------------------------------------------------
  LIBRARY MODULE, NAME : low_level_init

  SEGMENTS IN THE MODULE
  ======================
CODE
  Relative segment, address: CODE 000002C8 - 000002CB (0x4 bytes), align: 1
  Segment part 3.
           ENTRY                   ADDRESS         REF BY
           =====                   =======         ======
           __low_level_init        000002C8        ?call_low_level_init (?C_STARTUP)
               non_banked function
               stack 1 = 00000000 ( 00000000 )
               stack 2 = 00000000 ( 00000002 )

    -------------------------------------------------------------------------
  LIBRARY MODULE, NAME : ?segment_init

  SEGMENTS IN THE MODULE
  ======================
CODE
  Relative segment, address: CODE 000002CC - 000002D5 (0xa bytes), align: 1
  Segment part 3.             Intra module refs:   __segment_init
           ENTRY                   ADDRESS         REF BY
           =====                   =======         ======
           __memclr                000002CC 
               non_banked function
               stack 1 = 00000000 ( 00000000 )
               stack 2 = 00000000 ( 00000002 )
    -------------------------------------------------------------------------
CODE
  Relative segment, address: CODE 000002D6 - 000002DF (0xa bytes), align: 1
  Segment part 4.             Intra module refs:   __segment_init
           ENTRY                   ADDRESS         REF BY
           =====                   =======         ======
           __flashcpy              000002D6 
               non_banked function
               stack 1 = 00000000 ( 00000000 )
               stack 2 = 00000000 ( 00000002 )
    -------------------------------------------------------------------------
CODE
  Relative segment, address: CODE 000002E0 - 0000030B (0x2c bytes), align: 1
  Segment part 5.
           ENTRY                   ADDRESS         REF BY
           =====                   =======         ======
           __segment_init          000002E0        ?need_segment_init (?C_STARTUP)
               non_banked function
               calls direct
               stack 1 = 00000000 ( 00000000 )
               stack 2 = 00000000 ( 00000002 )

    -------------------------------------------------------------------------
  LIBRARY MODULE, NAME : ?__exit

  SEGMENTS IN THE MODULE
  ======================
CODE
  Relative segment, address: CODE 0000030C - 00000311 (0x6 bytes), align: 1
  Segment part 0.
           ENTRY                   ADDRESS         REF BY
           =====                   =======         ======
           __exit                  0000030E 
           ?C_EXIT                 0000030E 
           ?C_FUNCALL              0000030C 
           _exit                   0000030C        ?cstartup_call_main (?C_STARTUP)
           exit                    0000030C        ?cstartup_call_main (?C_STARTUP)

    *************************************************************************

  DEFINED ABSOLUTE ENTRIES
  PROGRAM MODULE, NAME : ?FILLER_BYTES

  SEGMENTS IN THE MODULE
  ======================
INTVEC
  Common segment, address: CODE 00000000 - 00000007 (0x8 bytes), align: 0
  Segment part 1.
    -------------------------------------------------------------------------
?FILL1
  Relative segment, address: CODE 00000008 - 00000013 (0xc bytes), align: 0
  Segment part 0.




                ****************************************
                *                                      *
                *      SEGMENTS IN ADDRESS ORDER       *
                *                                      *
                ****************************************


SEGMENT              SPACE    START ADDRESS   END ADDRESS     SIZE  TYPE  ALIGN
=======              =====    =============   ===========     ====  ====  =====
INTVEC               CODE          00000000 - 00000007           8   com    1
?FILL1               CODE          00000008 - 00000013           C   rel    0
SWITCH               CODE               00000014                     dse    0
INITTAB              CODE          00000014 - 0000001B           8   rel    0
CODE                 CODE          0000001C - 00000311         2F6   rel    1
TINY_ID              CODE          00000312 - 00000318           7   rel    0
ABSOLUTE (ABS)       DATA               0000001C                     rel    0
                     DATA               0000001D                   
                     DATA               0000001E                   
                     DATA          00000036 - 00000036           1 
                     DATA          00000037 - 00000037           1 
                     DATA          00000038 - 00000038           1 
                     DATA          00000052 - 00000052           1 
                     DATA          00000053 - 00000053           1 
                     DATA          00000058 - 00000058           1 
                     DATA          00000059 - 00000059           1 
TINY_I               DATA          00000060 - 00000066           7   rel    0
TINY_Z               DATA          00000067 - 00000074           E   rel    0
CSTACK               DATA          00000075 - 00000084          10   dse    0
RSTACK               DATA          00000085 - 00000094          10   dse    0

                ****************************************
                *                                      *
                *        END OF CROSS REFERENCE        *
                *                                      *
                ****************************************

 781 bytes of CODE memory (+            12 range fill )
  53 bytes of DATA memory (+ 7 absolute )

Errors: none
Warnings: none

