################################################################################
#                                                                              #
#      IAR Universal Linker V5.3.2.26                                          #
#                                                                              #
#           Link time     =  01/Sep/2017  20:18:05                             #
#           Target CPU    =  A90                                               #
#           List file     =  D:\workspace\Femto2\software\source\2_MCU\0V0_rem #
#                            ocon\Debug\List\IntiAMP.map                       #
#           Output file 1 =  D:\workspace\Femto2\software\source\2_MCU\0V0_rem #
#                            ocon\Debug\Exe\IntiAMP.hex                        #
#                            Format: debug                                     #
#                            UBROF version 10.0.6                              #
#                            Using library modules for C-SPY (-rt)             #
#           Command line  =  D:\workspace\Femto2\software\source\2_MCU\0V0_rem #
#                            ocon\Debug\Obj\0V1_remocon_APP.r90                #
#                            -o                                                #
#                            D:\workspace\Femto2\software\source\2_MCU\0V0_rem #
#                            ocon\Debug\Exe\IntiAMP.hex                        #
#                            -l                                                #
#                            D:\workspace\Femto2\software\source\2_MCU\0V0_rem #
#                            ocon\Debug\List\IntiAMP.map                       #
#                            -xms                                              #
#                            "-IC:\Program Files (x86)\IAR Systems\Embedded Wo #
#                            rkbench 6.12\avr\LIB\"                            #
#                            -f                                                #
#                            "C:\Program Files (x86)\IAR Systems\Embedded Work #
#                            bench 6.12\avr\config\lnktiny13t.xcl"             #
#                            (-D_..X_CSTACK_SIZE=10 -D_..X_RSTACK_SIZE=10      #
#                            -D_..X_HEAP_SIZE=8 -D_..X_TINY_HEAP_SIZE=8        #
#                            -D_..X_NEAR_HEAP_SIZE=8 -ca90                     #
#                            -D_..X_INTVEC_SIZE=14 -D_..X_FLASH_END=3FF        #
#                            -D_..X_SRAM_BASE=60 -D_..X_SRAM_END=9F            #
#                            -D_..X_EEPROM_END=3F                              #
#                            -Z(CODE)INTVEC=0-(_..X_INTVEC_SIZE-1) -H1895      #
#                            -h(CODE)0-_..X_INTVEC_SIZE                        #
#                            -Z(CODE)TINY_F=_..X_INTVEC_SIZE-FF                #
#                            -Z(CODE)SWITCH,INITTAB,DIFUNCT=_..X_INTVEC_SIZE-_ #
#                            ..X_FLASH_END                                     #
#                            -Z(CODE)CODE=_..X_INTVEC_SIZE-_..X_FLASH_END      #
#                            -Z(CODE)NEAR_F=_..X_INTVEC_SIZE-_..X_FLASH_END    #
#                            -Z(CODE)TINY_ID,NEAR_ID=_..X_INTVEC_SIZE-_..X_FLA #
#                            SH_END                                            #
#                            -Z(CODE)CHECKSUM#_..X_FLASH_END                   #
#                            -Z(DATA)TINY_I,TINY_Z,TINY_N=_..X_SRAM_BASE-_..X_ #
#                            SRAM_END                                          #
#                            -Z(DATA)CSTACK+_..X_CSTACK_SIZE=_..X_SRAM_BASE-_. #
#                            .X_SRAM_END                                       #
#                            -Z(DATA)HEAP+_..X_HEAP_SIZE=_..X_SRAM_BASE-_..X_S #
#                            RAM_END                                           #
#                            -Z(DATA)IOSTREAM_N#_..X_SRAM_BASE-_..X_SRAM_END   #
#                            -Z(DATA)TINY_HEAP+_..X_TINY_HEAP_SIZE=_..X_SRAM_B #
#                            ASE-_..X_SRAM_END                                 #
#                            -Z(DATA)RSTACK+_..X_RSTACK_SIZE=_..X_SRAM_BASE-_. #
#                            .X_SRAM_END                                       #
#                            -Z(DATA)NEAR_I,NEAR_Z=_..X_SRAM_BASE-_..X_SRAM_EN #
#                            D                                                 #
#                            -Z(DATA)NEAR_HEAP+_..X_NEAR_HEAP_SIZE=_..X_SRAM_B #
#                            ASE-_..X_SRAM_END                                 #
#                            -Z(XDATA)EEPROM_I,EEPROM_N=0-_..X_EEPROM_END      #
#                            -w29) -rt -s __program_start                      #
#                            "C:\Program Files (x86)\IAR Systems\Embedded Work #
#                            bench 6.12\avr\LIB\CLIB\cl0t-ec_nomul.r90"        #
#                                                                              #
#                           Copyright (C) 1987-2012 IAR Systems AB.            #
################################################################################





                ****************************************
                *                                      *
                *           CROSS REFERENCE            *
                *                                      *
                ****************************************

       Program entry at : CODE      00000000  Relocatable, from module : ?RESET




                ****************************************
                *                                      *
                *            RUNTIME MODEL             *
                *                                      *
                ****************************************

  __64bit_doubles = disabled
  __SystemLibrary = CLib
  __cpu           = 0
  __cpu_name      = ATtiny13
  __enhanced_core = enabled
  __has_elpm      = false
  __memory_model  = 1
  __rt_version    = 3
  __tiny_avr      = false

                ****************************************
                *                                      *
                *    AUTOMATIC SYMBOL REDIRECTIONS     *
                *                                      *
                ****************************************

                  There are no automatic symbol redirections.



                ****************************************
                *                                      *
                *              MODULE MAP              *
                *                                      *
                ****************************************


  DEFINED ABSOLUTE ENTRIES
  PROGRAM MODULE, NAME : ?ABS_ENTRY_MOD

Absolute parts
           ENTRY                   ADDRESS         REF BY
           =====                   =======         ======
           _..X_EEPROM_END         0000003F 
           _..X_SRAM_END           0000009F 
           _..X_SRAM_BASE          00000060 
           _..X_FLASH_END          000003FF 
           _..X_INTVEC_SIZE        00000014 
           _..X_NEAR_HEAP_SIZE     00000008 
           _..X_TINY_HEAP_SIZE     00000008 
           _..X_HEAP_SIZE          00000008 
           _..X_RSTACK_SIZE        00000010 
           _..X_CSTACK_SIZE        00000010 
    *************************************************************************

  FILE NAME : D:\workspace\Femto2\software\source\2_MCU\0V0_remocon\Debug\Obj\0V1_remocon_APP.r90
  PROGRAM MODULE, NAME : 0V1_remocon_APP

  SEGMENTS IN THE MODULE
  ======================
ABSOLUTE
  Relative segment, address: DATA 00000059 - 00000059 (0x1 bytes), align: 0
  Segment part 1. ROOT.       Intra module refs:   main
           ENTRY                   ADDRESS         REF BY
           =====                   =======         ======
           _A_TIMSK0               00000059 
           LOCAL                   ADDRESS         
           =====                   =======         
           TIMSK0                  00000059 
    -------------------------------------------------------------------------
ABSOLUTE
  Relative segment, address: DATA 00000058 - 00000058 (0x1 bytes), align: 0
  Segment part 2. ROOT.       Intra module refs:   main
           ENTRY                   ADDRESS         REF BY
           =====                   =======         ======
           _A_TIFR0                00000058 
           LOCAL                   ADDRESS         
           =====                   =======         
           TIFR0                   00000058 
    -------------------------------------------------------------------------
ABSOLUTE
  Relative segment, address: DATA 00000053 - 00000053 (0x1 bytes), align: 0
  Segment part 3. ROOT.       Intra module refs:   main
           ENTRY                   ADDRESS         REF BY
           =====                   =======         ======
           _A_TCCR0B               00000053 
           LOCAL                   ADDRESS         
           =====                   =======         
           TCCR0B                  00000053 
    -------------------------------------------------------------------------
ABSOLUTE
  Relative segment, address: DATA 00000052 - 00000052 (0x1 bytes), align: 0
  Segment part 4. ROOT.       Intra module refs:   IR_tmr
                                                   main
           ENTRY                   ADDRESS         REF BY
           =====                   =======         ======
           _A_TCNT0                00000052 
           LOCAL                   ADDRESS         
           =====                   =======         
           TCNT0                   00000052 
    -------------------------------------------------------------------------
ABSOLUTE
  Relative segment, address: DATA 00000038 - 00000038 (0x1 bytes), align: 0
  Segment part 5. ROOT.       Intra module refs:   IR_tmr
                                                   main
           ENTRY                   ADDRESS         REF BY
           =====                   =======         ======
           _A_PORTB                00000038 
           LOCAL                   ADDRESS         
           =====                   =======         
           PORTB                   00000038 
    -------------------------------------------------------------------------
ABSOLUTE
  Relative segment, address: DATA 00000037 - 00000037 (0x1 bytes), align: 0
  Segment part 6. ROOT.       Intra module refs:   main
           ENTRY                   ADDRESS         REF BY
           =====                   =======         ======
           _A_DDRB                 00000037 
           LOCAL                   ADDRESS         
           =====                   =======         
           DDRB                    00000037 
    -------------------------------------------------------------------------
ABSOLUTE
  Relative segment, address: DATA 00000036 - 00000036 (0x1 bytes), align: 0
  Segment part 7. ROOT.       Intra module refs:   in_key
           ENTRY                   ADDRESS         REF BY
           =====                   =======         ======
           _A_PINB                 00000036 
           LOCAL                   ADDRESS         
           =====                   =======         
           PINB                    00000036 
    -------------------------------------------------------------------------
TINY_Z
  Relative segment, address: DATA 00000067 - 00000067 (0x1 bytes), align: 0
  Segment part 14.            Intra module refs:   IR_tmr
           ENTRY                   ADDRESS         REF BY
           =====                   =======         ======
           carry                   00000067 
    -------------------------------------------------------------------------
TINY_Z
  Relative segment, address: DATA 00000068 - 00000068 (0x1 bytes), align: 0
  Segment part 16.            Intra module refs:   in_key
                                                   in_key_save
                                                   main
           ENTRY                   ADDRESS         REF BY
           =====                   =======         ======
           key_data                00000068 
    -------------------------------------------------------------------------
TINY_Z
  Relative segment, address: DATA 00000069 - 0000006C (0x4 bytes), align: 0
  Segment part 17.            Intra module refs:   in_key_save
           ENTRY                   ADDRESS         REF BY
           =====                   =======         ======
           data_code               00000069 
    -------------------------------------------------------------------------
TINY_I
  Relative segment, address: DATA 00000060 - 00000063 (0x4 bytes), align: 0
  Segment part 18.            Intra module refs:   IR_data_trans
                                                   in_key_save
           ENTRY                   ADDRESS         REF BY
           =====                   =======         ======
           cp_code                 00000060 
    -------------------------------------------------------------------------
TINY_I
  Relative segment, address: DATA 00000064 - 00000064 (0x1 bytes), align: 0
  Segment part 21.            Intra module refs:   in_key_save
                                                   main
           ENTRY                   ADDRESS         REF BY
           =====                   =======         ======
           flag                    00000064 
    -------------------------------------------------------------------------
TINY_I
  Relative segment, address: DATA 00000065 - 00000066 (0x2 bytes), align: 0
  Segment part 23.            Intra module refs:   IR_tmr
                                                   TIMER0_OVF_Handler
           ENTRY                   ADDRESS         REF BY
           =====                   =======         ======
           hold_tmr                00000065 
    -------------------------------------------------------------------------
TINY_Z
  Relative segment, address: DATA 0000006D - 0000006E (0x2 bytes), align: 0
  Segment part 25.            Intra module refs:   IR_lead_trans
                                                   tmr_set
           ENTRY                   ADDRESS         REF BY
           =====                   =======         ======
           lead_tmr0               0000006D 
    -------------------------------------------------------------------------
TINY_Z
  Relative segment, address: DATA 0000006F - 00000070 (0x2 bytes), align: 0
  Segment part 26.            Intra module refs:   IR_lead_trans
                                                   tmr_set
           ENTRY                   ADDRESS         REF BY
           =====                   =======         ======
           lead_tmr1               0000006F 
    -------------------------------------------------------------------------
TINY_Z
  Relative segment, address: DATA 00000071 - 00000071 (0x1 bytes), align: 0
  Segment part 27.            Intra module refs:   IR_data_trans
                                                   IR_lead_trans
                                                   tmr_set
           ENTRY                   ADDRESS         REF BY
           =====                   =======         ======
           signal_tmr0             00000071 
    -------------------------------------------------------------------------
TINY_Z
  Relative segment, address: DATA 00000072 - 00000072 (0x1 bytes), align: 0
  Segment part 28.            Intra module refs:   IR_data_trans
                                                   tmr_set
           ENTRY                   ADDRESS         REF BY
           =====                   =======         ======
           signal_tmr1             00000072 
    -------------------------------------------------------------------------
CODE
  Relative segment, address: CODE 0000001C - 0000006B (0x50 bytes), align: 1
  Segment part 31.            Intra module refs:   IR_data_trans
                                                   IR_lead_trans
                                                   main
           ENTRY                   ADDRESS         REF BY
           =====                   =======         ======
           IR_tmr                  0000001C 
               RSTACK = 00000000 ( 00000002 )
               CSTACK = 00000000 ( 00000002 )
    -------------------------------------------------------------------------
CODE
  Relative segment, address: CODE 0000006C - 0000008B (0x20 bytes), align: 1
  Segment part 32.            Intra module refs:   IR_data_trans
           ENTRY                   ADDRESS         REF BY
           =====                   =======         ======
           IR_lead_trans           0000006C 
               calls direct
               RSTACK = 00000000 ( 00000002 )
    -------------------------------------------------------------------------
CODE
  Relative segment, address: CODE 0000008C - 000000DD (0x52 bytes), align: 1
  Segment part 33.            Intra module refs:   main
           ENTRY                   ADDRESS         REF BY
           =====                   =======         ======
           IR_data_trans           0000008C 
               calls direct
               RSTACK = 00000000 ( 00000004 )
               CSTACK = 00000000 ( 00000001 )
    -------------------------------------------------------------------------
CODE
  Relative segment, address: CODE 000000DE - 000000EF (0x12 bytes), align: 1
  Segment part 34.            Intra module refs:   in_key_save
                                                   main
           ENTRY                   ADDRESS         REF BY
           =====                   =======         ======
           in_key                  000000DE 
               RSTACK = 00000000 ( 00000002 )
    -------------------------------------------------------------------------
TINY_Z
  Relative segment, address: DATA 00000073 - 00000073 (0x1 bytes), align: 0
  Segment part 29.            Intra module refs:   in_key_save
           ENTRY                   ADDRESS         REF BY
           =====                   =======         ======
           data_temp               00000073 
    -------------------------------------------------------------------------
CODE
  Relative segment, address: CODE 000000F0 - 000001D5 (0xe6 bytes), align: 1
  Segment part 35.            Intra module refs:   main
           ENTRY                   ADDRESS         REF BY
           =====                   =======         ======
           in_key_save             000000F0 
               calls direct
               RSTACK = 00000000 ( 00000002 )
    -------------------------------------------------------------------------
CODE
  Relative segment, address: CODE 000001D6 - 00000221 (0x4c bytes), align: 1
  Segment part 36.            Intra module refs:   main
           ENTRY                   ADDRESS         REF BY
           =====                   =======         ======
           tmr_set                 000001D6 
               RSTACK = 00000000 ( 00000002 )
    -------------------------------------------------------------------------
CODE
  Relative segment, address: CODE 00000222 - 00000241 (0x20 bytes), align: 1
  Segment part 37.            Intra module refs:   TIMER0_OVF_Handler::??INTVEC 6
           ENTRY                   ADDRESS         REF BY
           =====                   =======         ======
           TIMER0_OVF_Handler      00000222 
               interrupt function
               RSTACK = 00000000 ( 00000002 )
               CSTACK = 00000000 ( 00000004 )
    -------------------------------------------------------------------------
TINY_Z
  Relative segment, address: DATA 00000074 - 00000074 (0x1 bytes), align: 0
  Segment part 30.            Intra module refs:   main
           ENTRY                   ADDRESS         REF BY
           =====                   =======         ======
           old_key                 00000074 
    -------------------------------------------------------------------------
CODE
  Relative segment, address: CODE 00000242 - 0000029F (0x5e bytes), align: 1
  Segment part 38.
           ENTRY                   ADDRESS         REF BY
           =====                   =======         ======
           main                    00000242        ?cstartup_call_main (?C_STARTUP)
               calls direct
               RSTACK = 00000000 ( 00000002 )
    -------------------------------------------------------------------------
ABSOLUTE
  Relative segment, address: DATA 0000001C, align: 0
  Segment part 8. ROOT.
           ENTRY                   ADDRESS         REF BY
           =====                   =======         ======
           __?EECR                 0000001C 
    -------------------------------------------------------------------------
ABSOLUTE
  Relative segment, address: DATA 0000001D, align: 0
  Segment part 9. ROOT.
           ENTRY                   ADDRESS         REF BY
           =====                   =======         ======
           __?EEDR                 0000001D 
    -------------------------------------------------------------------------
ABSOLUTE
  Relative segment, address: DATA 0000001E, align: 0
  Segment part 10. ROOT.
           ENTRY                   ADDRESS         REF BY
           =====                   =======         ======
           __?EEARL                0000001E 
    -------------------------------------------------------------------------
INTVEC
  Common segment, address: CODE 00000000 - 00000007 (0x8 bytes), align: 1
  Segment part 11. ROOT.
           ENTRY                   ADDRESS         REF BY
           =====                   =======         ======
           TIMER0_OVF_Handler::??INTVEC 6
                                   00000006 
    -------------------------------------------------------------------------
INITTAB
  Relative segment, address: CODE 00000014 - 00000017 (0x4 bytes), align: 0
  Segment part 15.            Intra module refs:   carry
                                                   data_code
                                                   data_temp
                                                   key_data
                                                   lead_tmr0
                                                   lead_tmr1
                                                   old_key
                                                   signal_tmr0
                                                   signal_tmr1
           ENTRY                   ADDRESS         REF BY
           =====                   =======         ======
           ?<Segment init: TINY_Z>
                                   00000014 
    -------------------------------------------------------------------------
TINY_ID
  Relative segment, address: CODE 0000031C - 0000031F (0x4 bytes), align: 0
  Segment part 19.            Intra module refs:   cp_code
    -------------------------------------------------------------------------
INITTAB
  Relative segment, address: CODE 00000018 - 0000001B (0x4 bytes), align: 0
  Segment part 20.            Intra module refs:   cp_code
                                                   flag
                                                   hold_tmr
           ENTRY                   ADDRESS         REF BY
           =====                   =======         ======
           ?<Segment init: TINY_I>
                                   00000018 
    -------------------------------------------------------------------------
TINY_ID
  Relative segment, address: CODE 00000320 - 00000320 (0x1 bytes), align: 0
  Segment part 22.            Intra module refs:   flag
    -------------------------------------------------------------------------
TINY_ID
  Relative segment, address: CODE 00000321 - 00000322 (0x2 bytes), align: 0
  Segment part 24.            Intra module refs:   hold_tmr

    *************************************************************************

  FILE NAME : C:\Program Files (x86)\IAR Systems\Embedded Workbench 6.12\avr\LIB\CLIB\cl0t-ec_nomul.r90
  LIBRARY MODULE, NAME : ?__exit

  SEGMENTS IN THE MODULE
  ======================
CODE
  Relative segment, address: CODE 000002A0 - 000002A5 (0x6 bytes), align: 1
  Segment part 0.
           ENTRY                   ADDRESS         REF BY
           =====                   =======         ======
           __exit                  000002A2 
           ?C_EXIT                 000002A2 
           ?C_FUNCALL              000002A0 
           _exit                   000002A0        ?cstartup_call_main (?C_STARTUP)
           exit                    000002A0        ?cstartup_call_main (?C_STARTUP)

    -------------------------------------------------------------------------
  LIBRARY MODULE, NAME : ?RESET

  SEGMENTS IN THE MODULE
  ======================
INTVEC
  Common segment, address: CODE 00000000 - 00000001 (0x2 bytes), align: 1
  Segment part 0. ROOT.
           ENTRY                   ADDRESS         REF BY
           =====                   =======         ======
           __program_start         00000000        Absolute parts (?ABS_ENTRY_MOD)
           ?RESET                  00000000        Segment part 2 (?C_STARTUP)

    -------------------------------------------------------------------------
  LIBRARY MODULE, NAME : ?C_STARTUP

  SEGMENTS IN THE MODULE
  ======================
CODE
  Relative segment, address: CODE 000002A6, align: 1
  Segment part 2.
           ENTRY                   ADDRESS         REF BY
           =====                   =======         ======
           ?C_STARTUP              000002A6        Segment part 0 (?RESET)
           __RESTART               000002A6 
    -------------------------------------------------------------------------
CODE
  Relative segment, address: CODE 000002A6 - 000002AB (0x6 bytes), align: 1
  Segment part 5.             Intra module refs:   Segment part 2
    -------------------------------------------------------------------------
CODE
  Relative segment, address: CODE 000002AC - 000002AD (0x2 bytes), align: 1
  Segment part 7.             Intra module refs:   Segment part 5
           ENTRY                   ADDRESS         REF BY
           =====                   =======         ======
           ?call_low_level_init    000002AC 
    -------------------------------------------------------------------------
CODE
  Relative segment, address: CODE 000002AE - 000002B3 (0x6 bytes), align: 1
  Segment part 8.
           ENTRY                   ADDRESS         REF BY
           =====                   =======         ======
           ?need_segment_init      000002AE        ?<Segment init: TINY_I> (0V1_remocon_APP)
                                                   ?<Segment init: TINY_Z> (0V1_remocon_APP)
    -------------------------------------------------------------------------
CODE
  Relative segment, address: CODE 000002B4 - 000002B9 (0x6 bytes), align: 1
  Segment part 9.             Intra module refs:   ?call_low_level_init
           ENTRY                   ADDRESS         REF BY
           =====                   =======         ======
           ?cstartup_call_main     000002B4 

    -------------------------------------------------------------------------
  LIBRARY MODULE, NAME : ?UL_SHR_L03

  SEGMENTS IN THE MODULE
  ======================
CODE
  Relative segment, address: CODE 000002BA - 000002C9 (0x10 bytes), align: 1
  Segment part 0.
           ENTRY                   ADDRESS         REF BY
           =====                   =======         ======
           ?UL_SHR_L03             000002BA        IR_data_trans (0V1_remocon_APP)

    -------------------------------------------------------------------------
  LIBRARY MODULE, NAME : ?PROLOGUE_L09

  SEGMENTS IN THE MODULE
  ======================
CODE
  Relative segment, address: CODE 000002CA - 000002CB (0x2 bytes), align: 1
  Segment part 14.
           ENTRY                   ADDRESS         REF BY
           =====                   =======         ======
           ?PROLOGUE2_L09          000002CA        IR_tmr (0V1_remocon_APP)
    -------------------------------------------------------------------------
CODE
  Relative segment, address: CODE 000002CC - 000002CD (0x2 bytes), align: 1
  Segment part 15.            Intra module refs:   ?PROLOGUE2_L09
           ENTRY                   ADDRESS         REF BY
           =====                   =======         ======
           ?PROLOGUE1_L09          000002CC 
    -------------------------------------------------------------------------
CODE
  Relative segment, address: CODE 000002CE - 000002CF (0x2 bytes), align: 1
  Segment part 16.            Intra module refs:   ?PROLOGUE1_L09

    -------------------------------------------------------------------------
  LIBRARY MODULE, NAME : ?EPILOGUE_B_L09

  SEGMENTS IN THE MODULE
  ======================
CODE
  Relative segment, address: CODE 000002D0 - 000002D1 (0x2 bytes), align: 1
  Segment part 14.
           ENTRY                   ADDRESS         REF BY
           =====                   =======         ======
           ?EPILOGUE_B2_L09        000002D0        IR_tmr (0V1_remocon_APP)
    -------------------------------------------------------------------------
CODE
  Relative segment, address: CODE 000002D2 - 000002D3 (0x2 bytes), align: 1
  Segment part 15.            Intra module refs:   ?EPILOGUE_B2_L09
           ENTRY                   ADDRESS         REF BY
           =====                   =======         ======
           ?EPILOGUE_B1_L09        000002D2 
    -------------------------------------------------------------------------
CODE
  Relative segment, address: CODE 000002D4 - 000002D7 (0x4 bytes), align: 1
  Segment part 16.            Intra module refs:   ?EPILOGUE_B1_L09
           ENTRY                   ADDRESS         REF BY
           =====                   =======         ======
           ?EPILOGUE_B0_L09        000002D4 

    -------------------------------------------------------------------------
  LIBRARY MODULE, NAME : ?low_level_init

  SEGMENTS IN THE MODULE
  ======================
CODE
  Relative segment, address: CODE 000002D8 - 000002DB (0x4 bytes), align: 1
  Segment part 3.
           ENTRY                   ADDRESS         REF BY
           =====                   =======         ======
           __low_level_init        000002D8        ?call_low_level_init (?C_STARTUP)
               RSTACK = 00000000 ( 00000002 )

    -------------------------------------------------------------------------
  LIBRARY MODULE, NAME : ?segment_init

  SEGMENTS IN THE MODULE
  ======================
CODE
  Relative segment, address: CODE 000002DC - 000002E5 (0xa bytes), align: 1
  Segment part 3.             Intra module refs:   __segment_init
           LOCAL                   ADDRESS         
           =====                   =======         
           __memclr                000002DC 
               RSTACK = 00000000 ( 00000002 )
    -------------------------------------------------------------------------
CODE
  Relative segment, address: CODE 000002E6 - 000002EF (0xa bytes), align: 1
  Segment part 4.             Intra module refs:   __segment_init
           LOCAL                   ADDRESS         
           =====                   =======         
           __flashcpy              000002E6 
               RSTACK = 00000000 ( 00000002 )
    -------------------------------------------------------------------------
CODE
  Relative segment, address: CODE 000002F0 - 0000031B (0x2c bytes), align: 1
  Segment part 5.
           ENTRY                   ADDRESS         REF BY
           =====                   =======         ======
           __segment_init          000002F0        ?need_segment_init (?C_STARTUP)
               calls direct
               RSTACK = 00000000 ( 00000002 )

    *************************************************************************

  DEFINED ABSOLUTE ENTRIES
  PROGRAM MODULE, NAME : ?FILLER_BYTES

  SEGMENTS IN THE MODULE
  ======================
INTVEC
  Common segment, address: CODE 00000000 - 00000007 (0x8 bytes), align: 0
  Segment part 1.
    -------------------------------------------------------------------------
?FILL1
  Relative segment, address: CODE 00000008 - 00000013 (0xc bytes), align: 0
  Segment part 0.




                ****************************************
                *                                      *
                *      SEGMENTS IN ADDRESS ORDER       *
                *                                      *
                ****************************************


SEGMENT              SPACE    START ADDRESS   END ADDRESS     SIZE  TYPE  ALIGN
=======              =====    =============   ===========     ====  ====  =====
INTVEC               CODE          00000000 - 00000007           8   com    1
?FILL1               CODE          00000008 - 00000013           C   rel    0
SWITCH               CODE               00000014                     dse    0
INITTAB              CODE          00000014 - 0000001B           8   rel    0
CODE                 CODE          0000001C - 0000031B         300   rel    1
TINY_ID              CODE          0000031C - 00000322           7   rel    0
ABSOLUTE             DATA               0000001C                     rel    0
                     DATA               0000001D                   
                     DATA               0000001E                   
                     DATA          00000036 - 00000038           3 
                     DATA          00000052 - 00000053           2 
                     DATA          00000058 - 00000059           2 
TINY_I               DATA          00000060 - 00000066           7   rel    0
TINY_Z               DATA          00000067 - 00000074           E   rel    0
CSTACK               DATA          00000075 - 00000084          10   dse    0
RSTACK               DATA          00000085 - 00000094          10   dse    0

                ****************************************
                *                                      *
                *        END OF CROSS REFERENCE        *
                *                                      *
                ****************************************

 791 bytes of CODE memory (+            12 range fill )
  53 bytes of DATA memory (+ 7 absolute )

Errors: none
Warnings: none

